12:40:20 **** Auto Build of configuration Debug for project test_ ****
make all 
'Building file: ../src/app.c'
'Invoking: ARM gcc compiler'
arm-xilinx-eabi-gcc -Wall -O0 -g3 -c -fmessage-length=0 -MT"src/app.o" -I../../test__bsp/ps7_cortexa9_0/include -MMD -MP -MF"src/app.d" -MT"src/app.d" -o "src/app.o" "../src/app.c"
'Finished building: ../src/app.c'
' '
'Building target: test_.elf'
'Invoking: ARM gcc linker'
arm-xilinx-eabi-gcc -Wl,-T -Wl,../src/lscript.ld -L../../test__bsp/ps7_cortexa9_0/lib -o "test_.elf"  ./src/app.o   -Wl,--start-group,-lucos,-lgcc,-lc,--end-group -Wl,--start-group,-lxil,-lucos,-lgcc,-lc,--end-group
c:/xilinx/sdk/2015.4/gnu/arm/nt/bin/../lib/gcc/arm-xilinx-eabi/4.9.2/../../../../arm-xilinx-eabi/bin/ld.exe: warning: cannot find entry symbol _guest_os_start; defaulting to 00100000
'Finished building target: test_.elf'
' '
'Invoking: ARM Print Size'
arm-xilinx-eabi-size test_.elf  |tee "test_.elf.size"
   text	   data	    bss	    dec	    hex	filename
    400	     16	  16560	  16976	   4250	test_.elf
'Finished building: test_.elf.size'
' '

12:40:21 Build Finished (took 968ms)

