12:58:57 **** Build of configuration Debug for project tttttttttttttttttttttttttttttttttt ****
make all 
'Building file: ../src/app.c'
'Invoking: ARM gcc compiler'
arm-xilinx-eabi-gcc -Wall -O0 -g3 -c -fmessage-length=0 -MT"src/app.o" -I../../tttttttttttttttttttttttttttttttttt_bsp/ps7_cortexa9_0/include -MMD -MP -MF"src/app.d" -MT"src/app.d" -o "src/app.o" "../src/app.c"
'Finished building: ../src/app.c'
' '
'Building target: tttttttttttttttttttttttttttttttttt.elf'
'Invoking: ARM gcc linker'
arm-xilinx-eabi-gcc -Wl,-T -Wl,../src/lscript.ld -L../../tttttttttttttttttttttttttttttttttt_bsp/ps7_cortexa9_0/lib -o "tttttttttttttttttttttttttttttttttt.elf"  ./src/app.o   -Wl,--start-group,-lucos,-lgcc,-lc,--end-group -Wl,--start-group,-lxil,-lucos,-lgcc,-lc,--end-group
'Finished building target: tttttttttttttttttttttttttttttttttt.elf'
' '
'Invoking: ARM Print Size'
arm-xilinx-eabi-size tttttttttttttttttttttttttttttttttt.elf  |tee "tttttttttttttttttttttttttttttttttt.elf.size"
   text	   data	    bss	    dec	    hex	filename
  58640	     20	  34528	  93188	  16c04	tttttttttttttttttttttttttttttttttt.elf
'Finished building: tttttttttttttttttttttttttttttttttt.elf.size'
' '

12:58:59 Build Finished (took 1s.872ms)

