16:11:52 **** Build of configuration Debug for project ucos-ii_timer_native ****
make all 
'Building file: ../src/app.c'
'Invoking: ARM gcc compiler'
arm-xilinx-eabi-gcc -Wall -O0 -g3 -c -fmessage-length=0 -MT"src/app.o" -I../../ucos-ii_timer_native_bsp/ps7_cortexa9_0/include -MMD -MP -MF"src/app.d" -MT"src/app.d" -o "src/app.o" "../src/app.c"
'Finished building: ../src/app.c'
' '
'Building target: ucos-ii_timer_native.elf'
'Invoking: ARM gcc linker'
arm-xilinx-eabi-gcc -Wl,-T -Wl,../src/lscript.ld -L../../ucos-ii_timer_native_bsp/ps7_cortexa9_0/lib -o "ucos-ii_timer_native.elf"  ./src/app.o   -Wl,--start-group,-lucos,-lgcc,-lc,--end-group -Wl,--start-group,-lxil,-lucos,-lgcc,-lc,--end-group
'Finished building target: ucos-ii_timer_native.elf'
' '
'Invoking: ARM Print Size'
arm-xilinx-eabi-size ucos-ii_timer_native.elf  |tee "ucos-ii_timer_native.elf.size"
   text	   data	    bss	    dec	    hex	filename
  54312	     40	  42432	  96784	  17a10	ucos-ii_timer_native.elf
'Finished building: ucos-ii_timer_native.elf.size'
' '

16:11:53 Build Finished (took 1s.151ms)

