15:05:15 **** Build of project ucos_dma_bsp ****
make -k all 
"Running Make include in ps7_cortexa9_0/libsrc/axidma_v9_3/src"
make -C ps7_cortexa9_0/libsrc/axidma_v9_3/src -s include  "SHELL=CMD" "COMPILER=arm-xilinx-eabi-gcc" "ARCHIVER=arm-xilinx-eabi-ar" "COMPILER_FLAGS=  -O2 -c" "EXTRA_COMPILER_FLAGS=-g"
"Running Make include in ps7_cortexa9_0/libsrc/coresightps_dcc_v1_4/src"
make -C ps7_cortexa9_0/libsrc/coresightps_dcc_v1_4/src -s include  "SHELL=CMD" "COMPILER=arm-xilinx-eabi-gcc" "ARCHIVER=arm-xilinx-eabi-ar" "COMPILER_FLAGS=  -O2 -c" "EXTRA_COMPILER_FLAGS=-g"
"Running Make include in ps7_cortexa9_0/libsrc/ddrps_v1_0/src"
make -C ps7_cortexa9_0/libsrc/ddrps_v1_0/src -s include  "SHELL=CMD" "COMPILER=arm-xilinx-eabi-gcc" "ARCHIVER=arm-xilinx-eabi-ar" "COMPILER_FLAGS=  -O2 -c" "EXTRA_COMPILER_FLAGS=-g"
"Running Make include in ps7_cortexa9_0/libsrc/devcfg_v3_4/src"
make -C ps7_cortexa9_0/libsrc/devcfg_v3_4/src -s include  "SHELL=CMD" "COMPILER=arm-xilinx-eabi-gcc" "ARCHIVER=arm-xilinx-eabi-ar" "COMPILER_FLAGS=  -O2 -c" "EXTRA_COMPILER_FLAGS=-g"
"Running Make include in ps7_cortexa9_0/libsrc/dmaps_v2_3/src"
make -C ps7_cortexa9_0/libsrc/dmaps_v2_3/src -s include  "SHELL=CMD" "COMPILER=arm-xilinx-eabi-gcc" "ARCHIVER=arm-xilinx-eabi-ar" "COMPILER_FLAGS=  -O2 -c" "EXTRA_COMPILER_FLAGS=-g"
"Running Make include in ps7_cortexa9_0/libsrc/gpiops_v3_2/src"
make -C ps7_cortexa9_0/libsrc/gpiops_v3_2/src -s include  "SHELL=CMD" "COMPILER=arm-xilinx-eabi-gcc" "ARCHIVER=arm-xilinx-eabi-ar" "COMPILER_FLAGS=  -O2 -c" "EXTRA_COMPILER_FLAGS=-g"
"Running Make include in ps7_cortexa9_0/libsrc/qspips_v3_3/src"
make -C ps7_cortexa9_0/libsrc/qspips_v3_3/src -s include  "SHELL=CMD" "COMPILER=arm-xilinx-eabi-gcc" "ARCHIVER=arm-xilinx-eabi-ar" "COMPILER_FLAGS=  -O2 -c" "EXTRA_COMPILER_FLAGS=-g"
"Running Make include in ps7_cortexa9_0/libsrc/scuwdt_v2_1/src"
make -C ps7_cortexa9_0/libsrc/scuwdt_v2_1/src -s include  "SHELL=CMD" "COMPILER=arm-xilinx-eabi-gcc" "ARCHIVER=arm-xilinx-eabi-ar" "COMPILER_FLAGS=  -O2 -c" "EXTRA_COMPILER_FLAGS=-g"
"Running Make include in ps7_cortexa9_0/libsrc/ucos_common_v1_41/src"
make -C ps7_cortexa9_0/libsrc/ucos_common_v1_41/src -s include  "SHELL=CMD" "COMPILER=arm-xilinx-eabi-gcc" "ARCHIVER=arm-xilinx-eabi-ar" "COMPILER_FLAGS=  -O2 -c" "EXTRA_COMPILER_FLAGS=-g"
"Running Make include in ps7_cortexa9_0/libsrc/ucos_cpu_cortexa9_v1_41/src"
make -C ps7_cortexa9_0/libsrc/ucos_cpu_cortexa9_v1_41/src -s include  "SHELL=CMD" "COMPILER=arm-xilinx-eabi-gcc" "ARCHIVER=arm-xilinx-eabi-ar" "COMPILER_FLAGS=  -O2 -c" "EXTRA_COMPILER_FLAGS=-g"
"Running Make include in ps7_cortexa9_0/libsrc/ucos_emacps_v1_41/src"
make -C ps7_cortexa9_0/libsrc/ucos_emacps_v1_41/src -s include  "SHELL=CMD" "COMPILER=arm-xilinx-eabi-gcc" "ARCHIVER=arm-xilinx-eabi-ar" "COMPILER_FLAGS=  -O2 -c" "EXTRA_COMPILER_FLAGS=-g"
"Running Make include in ps7_cortexa9_0/libsrc/ucos_l2cachec_v1_41/src"
make -C ps7_cortexa9_0/libsrc/ucos_l2cachec_v1_41/src -s include  "SHELL=CMD" "COMPILER=arm-xilinx-eabi-gcc" "ARCHIVER=arm-xilinx-eabi-ar" "COMPILER_FLAGS=  -O2 -c" "EXTRA_COMPILER_FLAGS=-g"
"Running Make include in ps7_cortexa9_0/libsrc/ucos_osii_v1_41/src"
make -C ps7_cortexa9_0/libsrc/ucos_osii_v1_41/src -s include  "SHELL=CMD" "COMPILER=arm-xilinx-eabi-gcc" "ARCHIVER=arm-xilinx-eabi-ar" "COMPILER_FLAGS=  -O2 -c" "EXTRA_COMPILER_FLAGS=-g"
"Running Make include in ps7_cortexa9_0/libsrc/ucos_scuc_v1_41/src"
make -C ps7_cortexa9_0/libsrc/ucos_scuc_v1_41/src -s include  "SHELL=CMD" "COMPILER=arm-xilinx-eabi-gcc" "ARCHIVER=arm-xilinx-eabi-ar" "COMPILER_FLAGS=  -O2 -c" "EXTRA_COMPILER_FLAGS=-g"
"Running Make include in ps7_cortexa9_0/libsrc/ucos_scugic_v1_41/src"
make -C ps7_cortexa9_0/libsrc/ucos_scugic_v1_41/src -s include  "SHELL=CMD" "COMPILER=arm-xilinx-eabi-gcc" "ARCHIVER=arm-xilinx-eabi-ar" "COMPILER_FLAGS=  -O2 -c" "EXTRA_COMPILER_FLAGS=-g"
"Running Make include in ps7_cortexa9_0/libsrc/ucos_scutimer_v1_41/src"
make -C ps7_cortexa9_0/libsrc/ucos_scutimer_v1_41/src -s include  "SHELL=CMD" "COMPILER=arm-xilinx-eabi-gcc" "ARCHIVER=arm-xilinx-eabi-ar" "COMPILER_FLAGS=  -O2 -c" "EXTRA_COMPILER_FLAGS=-g"
"Running Make include in ps7_cortexa9_0/libsrc/ucos_standalone_v1_41/src"
make -C ps7_cortexa9_0/libsrc/ucos_standalone_v1_41/src -s include  "SHELL=CMD" "COMPILER=arm-xilinx-eabi-gcc" "ARCHIVER=arm-xilinx-eabi-ar" "COMPILER_FLAGS=  -O2 -c" "EXTRA_COMPILER_FLAGS=-g"
"Running Make include in ps7_cortexa9_0/libsrc/ucos_ttcps_v1_41/src"
make -C ps7_cortexa9_0/libsrc/ucos_ttcps_v1_41/src -s include  "SHELL=CMD" "COMPILER=arm-xilinx-eabi-gcc" "ARCHIVER=arm-xilinx-eabi-ar" "COMPILER_FLAGS=  -O2 -c" "EXTRA_COMPILER_FLAGS=-g"
"Running Make include in ps7_cortexa9_0/libsrc/ucos_uartps_v1_41/src"
make -C ps7_cortexa9_0/libsrc/ucos_uartps_v1_41/src -s include  "SHELL=CMD" "COMPILER=arm-xilinx-eabi-gcc" "ARCHIVER=arm-xilinx-eabi-ar" "COMPILER_FLAGS=  -O2 -c" "EXTRA_COMPILER_FLAGS=-g"
"Running Make include in ps7_cortexa9_0/libsrc/ucos_usbps_v1_41/src"
make -C ps7_cortexa9_0/libsrc/ucos_usbps_v1_41/src -s include  "SHELL=CMD" "COMPILER=arm-xilinx-eabi-gcc" "ARCHIVER=arm-xilinx-eabi-ar" "COMPILER_FLAGS=  -O2 -c" "EXTRA_COMPILER_FLAGS=-g"
"Running Make include in ps7_cortexa9_0/libsrc/ucos_v1_41/src"
make -C ps7_cortexa9_0/libsrc/ucos_v1_41/src -s include  "SHELL=CMD" "COMPILER=arm-xilinx-eabi-gcc" "ARCHIVER=arm-xilinx-eabi-ar" "COMPILER_FLAGS=  -O2 -c" "EXTRA_COMPILER_FLAGS=-g"
"Running Make include in ps7_cortexa9_0/libsrc/xadcps_v2_2/src"
make -C ps7_cortexa9_0/libsrc/xadcps_v2_2/src -s include  "SHELL=CMD" "COMPILER=arm-xilinx-eabi-gcc" "ARCHIVER=arm-xilinx-eabi-ar" "COMPILER_FLAGS=  -O2 -c" "EXTRA_COMPILER_FLAGS=-g"
"Running Make libs in ps7_cortexa9_0/libsrc/axidma_v9_3/src"
make -C ps7_cortexa9_0/libsrc/axidma_v9_3/src -s libs  "SHELL=CMD" "COMPILER=arm-xilinx-eabi-gcc" "ARCHIVER=arm-xilinx-eabi-ar" "COMPILER_FLAGS=  -O2 -c" "EXTRA_COMPILER_FLAGS=-g"
"Compiling axidma"
arm-xilinx-eabi-ar: creating ../../../lib/libxil.a
"Running Make libs in ps7_cortexa9_0/libsrc/coresightps_dcc_v1_4/src"
make -C ps7_cortexa9_0/libsrc/coresightps_dcc_v1_4/src -s libs  "SHELL=CMD" "COMPILER=arm-xilinx-eabi-gcc" "ARCHIVER=arm-xilinx-eabi-ar" "COMPILER_FLAGS=  -O2 -c" "EXTRA_COMPILER_FLAGS=-g"
"Compiling coresightps_dcc"
"Running Make libs in ps7_cortexa9_0/libsrc/ddrps_v1_0/src"
make -C ps7_cortexa9_0/libsrc/ddrps_v1_0/src -s libs  "SHELL=CMD" "COMPILER=arm-xilinx-eabi-gcc" "ARCHIVER=arm-xilinx-eabi-ar" "COMPILER_FLAGS=  -O2 -c" "EXTRA_COMPILER_FLAGS=-g"
"Compiling ddrps"
"Running Make libs in ps7_cortexa9_0/libsrc/devcfg_v3_4/src"
make -C ps7_cortexa9_0/libsrc/devcfg_v3_4/src -s libs  "SHELL=CMD" "COMPILER=arm-xilinx-eabi-gcc" "ARCHIVER=arm-xilinx-eabi-ar" "COMPILER_FLAGS=  -O2 -c" "EXTRA_COMPILER_FLAGS=-g"
"Compiling devcfg"
"Running Make libs in ps7_cortexa9_0/libsrc/dmaps_v2_3/src"
make -C ps7_cortexa9_0/libsrc/dmaps_v2_3/src -s libs  "SHELL=CMD" "COMPILER=arm-xilinx-eabi-gcc" "ARCHIVER=arm-xilinx-eabi-ar" "COMPILER_FLAGS=  -O2 -c" "EXTRA_COMPILER_FLAGS=-g"
"Compiling dmaps"
xdmaps.c:419:15: error: expected '=', ',', ';', 'asm' or '__attribute__' before 'int'
 static INLINE int XDmaPs_Instr_DMAEND(char *DmaProg)
               ^
xdmaps.c:431:15: error: expected '=', ',', ';', 'asm' or '__attribute__' before 'void'
 static INLINE void XDmaPs_Memcpy4(char *Dst, char *Src)
               ^
xdmaps.c:462:15: error: expected '=', ',', ';', 'asm' or '__attribute__' before 'int'
 static INLINE int XDmaPs_Instr_DMAGO(char *DmaProg, unsigned int Cn,
               ^
xdmaps.c:498:15: error: expected '=', ',', ';', 'asm' or '__attribute__' before 'int'
 static INLINE int XDmaPs_Instr_DMALD(char *DmaProg)
               ^
xdmaps.c:529:15: error: expected '=', ',', ';', 'asm' or '__attribute__' before 'int'
 static INLINE int XDmaPs_Instr_DMALP(char *DmaProg, unsigned Lc,
               ^
xdmaps.c:559:15: error: expected '=', ',', ';', 'asm' or '__attribute__' before 'int'
 static INLINE int XDmaPs_Instr_DMALPEND(char *DmaProg, char *BodyStart, unsigned Lc)
               ^
xdmaps.c:600:15: error: expected '=', ',', ';', 'asm' or '__attribute__' before 'int'
 static INLINE int XDmaPs_Instr_DMAMOV(char *DmaProg, unsigned Rd, u32 Imm)
               ^
xdmaps.c:633:15: error: expected '=', ',', ';', 'asm' or '__attribute__' before 'int'
 static INLINE int XDmaPs_Instr_DMANOP(char *DmaProg)
               ^
xdmaps.c:658:15: error: expected '=', ',', ';', 'asm' or '__attribute__' before 'int'
 static INLINE int XDmaPs_Instr_DMARMB(char *DmaProg)
               ^
xdmaps.c:684:15: error: expected '=', ',', ';', 'asm' or '__attribute__' before 'int'
 static INLINE int XDmaPs_Instr_DMASEV(char *DmaProg, unsigned int EventNumber)
               ^
xdmaps.c:712:15: error: expected '=', ',', ';', 'asm' or '__attribute__' before 'int'
 static INLINE int XDmaPs_Instr_DMAST(char *DmaProg)
               ^
xdmaps.c:741:15: error: expected '=', ',', ';', 'asm' or '__attribute__' before 'int'
 static INLINE int XDmaPs_Instr_DMAWMB(char *DmaProg)
               ^
xdmaps.c:765:15: error: expected '=', ',', ';', 'asm' or '__attribute__' before 'unsigned'
 static INLINE unsigned XDmaPs_ToEndianSwapSizeBits(unsigned int EndianSwapSize)
               ^
xdmaps.c:798:15: error: expected '=', ',', ';', 'asm' or '__attribute__' before 'unsigned'
 static INLINE unsigned XDmaPs_ToBurstSizeBits(unsigned BurstSize)
               ^
make[1]: *** [xdmaps.o] Erreur 1
make[1]: La cible « libs » n'a pas pu être refabriquée à cause d'erreurs.
make: *** [ps7_cortexa9_0/libsrc/dmaps_v2_3/src/make.libs] Erreur 2
"Running Make libs in ps7_cortexa9_0/libsrc/gpiops_v3_2/src"
make -C ps7_cortexa9_0/libsrc/gpiops_v3_2/src -s libs  "SHELL=CMD" "COMPILER=arm-xilinx-eabi-gcc" "ARCHIVER=arm-xilinx-eabi-ar" "COMPILER_FLAGS=  -O2 -c" "EXTRA_COMPILER_FLAGS=-g"
"Compiling gpiops"
"Running Make libs in ps7_cortexa9_0/libsrc/qspips_v3_3/src"
make -C ps7_cortexa9_0/libsrc/qspips_v3_3/src -s libs  "SHELL=CMD" "COMPILER=arm-xilinx-eabi-gcc" "ARCHIVER=arm-xilinx-eabi-ar" "COMPILER_FLAGS=  -O2 -c" "EXTRA_COMPILER_FLAGS=-g"
"Compiling qspips"
"Running Make libs in ps7_cortexa9_0/libsrc/scuwdt_v2_1/src"
make -C ps7_cortexa9_0/libsrc/scuwdt_v2_1/src -s libs  "SHELL=CMD" "COMPILER=arm-xilinx-eabi-gcc" "ARCHIVER=arm-xilinx-eabi-ar" "COMPILER_FLAGS=  -O2 -c" "EXTRA_COMPILER_FLAGS=-g"
"Compiling scuwdt"
"Running Make libs in ps7_cortexa9_0/libsrc/ucos_common_v1_41/src"
make -C ps7_cortexa9_0/libsrc/ucos_common_v1_41/src -s libs  "SHELL=CMD" "COMPILER=arm-xilinx-eabi-gcc" "ARCHIVER=arm-xilinx-eabi-ar" "COMPILER_FLAGS=  -O2 -c" "EXTRA_COMPILER_FLAGS=-g"
"Compiling uC/OS Common Components"
d:\xilinx\sdk\2017.1\gnu\arm\nt\bin\../lib/gcc/arm-xilinx-eabi/4.9.2/../../../../arm-xilinx-eabi/bin/ar.exe: creating ../../../lib/libucos.a
"Running Make libs in ps7_cortexa9_0/libsrc/ucos_cpu_cortexa9_v1_41/src"
make -C ps7_cortexa9_0/libsrc/ucos_cpu_cortexa9_v1_41/src -s libs  "SHELL=CMD" "COMPILER=arm-xilinx-eabi-gcc" "ARCHIVER=arm-xilinx-eabi-ar" "COMPILER_FLAGS=  -O2 -c" "EXTRA_COMPILER_FLAGS=-g"
"Compiling ucos_cpu_cortexa9"
"Running Make libs in ps7_cortexa9_0/libsrc/ucos_emacps_v1_41/src"
make -C ps7_cortexa9_0/libsrc/ucos_emacps_v1_41/src -s libs  "SHELL=CMD" "COMPILER=arm-xilinx-eabi-gcc" "ARCHIVER=arm-xilinx-eabi-ar" "COMPILER_FLAGS=  -O2 -c" "EXTRA_COMPILER_FLAGS=-g"
"Compiling ucos_usbps"
"Running Make libs in ps7_cortexa9_0/libsrc/ucos_l2cachec_v1_41/src"
make -C ps7_cortexa9_0/libsrc/ucos_l2cachec_v1_41/src -s libs  "SHELL=CMD" "COMPILER=arm-xilinx-eabi-gcc" "ARCHIVER=arm-xilinx-eabi-ar" "COMPILER_FLAGS=  -O2 -c" "EXTRA_COMPILER_FLAGS=-g"
"Compiling ucos_scuc"
"Running Make libs in ps7_cortexa9_0/libsrc/ucos_osii_v1_41/src"
make -C ps7_cortexa9_0/libsrc/ucos_osii_v1_41/src -s libs  "SHELL=CMD" "COMPILER=arm-xilinx-eabi-gcc" "ARCHIVER=arm-xilinx-eabi-ar" "COMPILER_FLAGS=  -O2 -c" "EXTRA_COMPILER_FLAGS=-g"
"Compiling uC/OS-II"
"Running Make libs in ps7_cortexa9_0/libsrc/ucos_scuc_v1_41/src"
make -C ps7_cortexa9_0/libsrc/ucos_scuc_v1_41/src -s libs  "SHELL=CMD" "COMPILER=arm-xilinx-eabi-gcc" "ARCHIVER=arm-xilinx-eabi-ar" "COMPILER_FLAGS=  -O2 -c" "EXTRA_COMPILER_FLAGS=-g"
"Compiling ucos_l2cachec"
"Running Make libs in ps7_cortexa9_0/libsrc/ucos_scugic_v1_41/src"
make -C ps7_cortexa9_0/libsrc/ucos_scugic_v1_41/src -s libs  "SHELL=CMD" "COMPILER=arm-xilinx-eabi-gcc" "ARCHIVER=arm-xilinx-eabi-ar" "COMPILER_FLAGS=  -O2 -c" "EXTRA_COMPILER_FLAGS=-g"
"Compiling scugic"
"Running Make libs in ps7_cortexa9_0/libsrc/ucos_scutimer_v1_41/src"
make -C ps7_cortexa9_0/libsrc/ucos_scutimer_v1_41/src -s libs  "SHELL=CMD" "COMPILER=arm-xilinx-eabi-gcc" "ARCHIVER=arm-xilinx-eabi-ar" "COMPILER_FLAGS=  -O2 -c" "EXTRA_COMPILER_FLAGS=-g"
"Compiling scutimer"
"Running Make libs in ps7_cortexa9_0/libsrc/ucos_standalone_v1_41/src"
make -C ps7_cortexa9_0/libsrc/ucos_standalone_v1_41/src -s libs  "SHELL=CMD" "COMPILER=arm-xilinx-eabi-gcc" "ARCHIVER=arm-xilinx-eabi-ar" "COMPILER_FLAGS=  -O2 -c" "EXTRA_COMPILER_FLAGS=-g"
"Compiling standalone"
"Running Make libs in ps7_cortexa9_0/libsrc/ucos_ttcps_v1_41/src"
make -C ps7_cortexa9_0/libsrc/ucos_ttcps_v1_41/src -s libs  "SHELL=CMD" "COMPILER=arm-xilinx-eabi-gcc" "ARCHIVER=arm-xilinx-eabi-ar" "COMPILER_FLAGS=  -O2 -c" "EXTRA_COMPILER_FLAGS=-g"
"Compiling ucos_ttcps"
"Running Make libs in ps7_cortexa9_0/libsrc/ucos_uartps_v1_41/src"
make -C ps7_cortexa9_0/libsrc/ucos_uartps_v1_41/src -s libs  "SHELL=CMD" "COMPILER=arm-xilinx-eabi-gcc" "ARCHIVER=arm-xilinx-eabi-ar" "COMPILER_FLAGS=  -O2 -c" "EXTRA_COMPILER_FLAGS=-g"
"Compiling ucos_emacps"
"Running Make libs in ps7_cortexa9_0/libsrc/ucos_usbps_v1_41/src"
make -C ps7_cortexa9_0/libsrc/ucos_usbps_v1_41/src -s libs  "SHELL=CMD" "COMPILER=arm-xilinx-eabi-gcc" "ARCHIVER=arm-xilinx-eabi-ar" "COMPILER_FLAGS=  -O2 -c" "EXTRA_COMPILER_FLAGS=-g"
"Compiling ucos_usbps"
"Running Make libs in ps7_cortexa9_0/libsrc/ucos_v1_41/src"
make -C ps7_cortexa9_0/libsrc/ucos_v1_41/src -s libs  "SHELL=CMD" "COMPILER=arm-xilinx-eabi-gcc" "ARCHIVER=arm-xilinx-eabi-ar" "COMPILER_FLAGS=  -O2 -c" "EXTRA_COMPILER_FLAGS=-g"
"Compiling uC/OS"
"Running Make libs in ps7_cortexa9_0/libsrc/xadcps_v2_2/src"
make -C ps7_cortexa9_0/libsrc/xadcps_v2_2/src -s libs  "SHELL=CMD" "COMPILER=arm-xilinx-eabi-gcc" "ARCHIVER=arm-xilinx-eabi-ar" "COMPILER_FLAGS=  -O2 -c" "EXTRA_COMPILER_FLAGS=-g"
"Compiling xadcps"
make: La cible « all » n'a pas pu être refabriquée à cause d'erreurs.
15:05:58 **** Build of configuration Debug for project ucos_dma ****
make pre-build main-build 
a9-linaro-pre-build-step
' '
'Building file: ../src/app.c'
'Invoking: ARM v7 gcc compiler'
arm-none-eabi-gcc -Wall -O0 -g3 -c -fmessage-length=0 -MT"src/app.o" -mcpu=cortex-a9 -mfpu=vfpv3 -mfloat-abi=hard -I../../ucos_dma_bsp/ps7_cortexa9_0/include -MMD -MP -MF"src/app.d" -MT"src/app.o" -o "src/app.o" "../src/app.c"
'Finished building: ../src/app.c'
' '
'Building target: ucos_dma.elf'
'Invoking: ARM v7 gcc linker'
arm-none-eabi-gcc -mcpu=cortex-a9 -mfpu=vfpv3 -mfloat-abi=hard -Wl,-build-id=none -specs=Xilinx.spec -Wl,-T -Wl,../src/lscript.ld -L../../ucos_dma_bsp/ps7_cortexa9_0/lib -o "ucos_dma.elf"  ./src/app.o   -Wl,--start-group,-lucos,-lgcc,-lc,--end-group -Wl,--start-group,-lxil,-lucos,-lgcc,-lc,--end-group
d:/xilinx/sdk/2017.1/gnu/aarch32/nt/gcc-arm-none-eabi/bin/../lib/gcc/arm-none-eabi/6.2.1/../../../../arm-none-eabi/bin/ld.exe: error: ucos_dma.elf uses VFP register arguments, ../../ucos_dma_bsp/ps7_cortexa9_0/lib\libucos.a(os_time.o) does not
d:/xilinx/sdk/2017.1/gnu/aarch32/nt/gcc-arm-none-eabi/bin/../lib/gcc/arm-none-eabi/6.2.1/../../../../arm-none-eabi/bin/ld.exe: failed to merge target specific data of file ../../ucos_dma_bsp/ps7_cortexa9_0/lib\libucos.a(os_time.o)
d:/xilinx/sdk/2017.1/gnu/aarch32/nt/gcc-arm-none-eabi/bin/../lib/gcc/arm-none-eabi/6.2.1/../../../../arm-none-eabi/bin/ld.exe: error: ucos_dma.elf uses VFP register arguments, ../../ucos_dma_bsp/ps7_cortexa9_0/lib\libucos.a(os_cpu_c.o) does not
d:/xilinx/sdk/2017.1/gnu/aarch32/nt/gcc-arm-none-eabi/bin/../lib/gcc/arm-none-eabi/6.2.1/../../../../arm-none-eabi/bin/ld.exe: failed to merge target specific data of file ../../ucos_dma_bsp/ps7_cortexa9_0/lib\libucos.a(os_cpu_c.o)
d:/xilinx/sdk/2017.1/gnu/aarch32/nt/gcc-arm-none-eabi/bin/../lib/gcc/arm-none-eabi/6.2.1/../../../../arm-none-eabi/bin/ld.exe: error: ucos_dma.elf uses VFP register arguments, ../../ucos_dma_bsp/ps7_cortexa9_0/lib\libucos.a(ucos_startup.o) does not
d:/xilinx/sdk/2017.1/gnu/aarch32/nt/gcc-arm-none-eabi/bin/../lib/gcc/arm-none-eabi/6.2.1/../../../../arm-none-eabi/bin/ld.exe: failed to merge target specific data of file ../../ucos_dma_bsp/ps7_cortexa9_0/lib\libucos.a(ucos_startup.o)
d:/xilinx/sdk/2017.1/gnu/aarch32/nt/gcc-arm-none-eabi/bin/../lib/gcc/arm-none-eabi/6.2.1/../../../../arm-none-eabi/bin/ld.exe: error: ucos_dma.elf uses VFP register arguments, ../../ucos_dma_bsp/ps7_cortexa9_0/lib\libucos.a(ucos_stdinout.o) does not
d:/xilinx/sdk/2017.1/gnu/aarch32/nt/gcc-arm-none-eabi/bin/../lib/gcc/arm-none-eabi/6.2.1/../../../../arm-none-eabi/bin/ld.exe: failed to merge target specific data of file ../../ucos_dma_bsp/ps7_cortexa9_0/lib\libucos.a(ucos_stdinout.o)
d:/xilinx/sdk/2017.1/gnu/aarch32/nt/gcc-arm-none-eabi/bin/../lib/gcc/arm-none-eabi/6.2.1/../../../../arm-none-eabi/bin/ld.exe: error: ucos_dma.elf uses VFP register arguments, ../../ucos_dma_bsp/ps7_cortexa9_0/lib\libucos.a(ucos_printf.o) does not
d:/xilinx/sdk/2017.1/gnu/aarch32/nt/gcc-arm-none-eabi/bin/../lib/gcc/arm-none-eabi/6.2.1/../../../../arm-none-eabi/bin/ld.exe: failed to merge target specific data of file ../../ucos_dma_bsp/ps7_cortexa9_0/lib\libucos.a(ucos_printf.o)
d:/xilinx/sdk/2017.1/gnu/aarch32/nt/gcc-arm-none-eabi/bin/../lib/gcc/arm-none-eabi/6.2.1/../../../../arm-none-eabi/bin/ld.exe: error: ucos_dma.elf uses VFP register arguments, ../../ucos_dma_bsp/ps7_cortexa9_0/lib\libucos.a(ucos_impl.o) does not
d:/xilinx/sdk/2017.1/gnu/aarch32/nt/gcc-arm-none-eabi/bin/../lib/gcc/arm-none-eabi/6.2.1/../../../../arm-none-eabi/bin/ld.exe: failed to merge target specific data of file ../../ucos_dma_bsp/ps7_cortexa9_0/lib\libucos.a(ucos_impl.o)
d:/xilinx/sdk/2017.1/gnu/aarch32/nt/gcc-arm-none-eabi/bin/../lib/gcc/arm-none-eabi/6.2.1/../../../../arm-none-eabi/bin/ld.exe: error: ucos_dma.elf uses VFP register arguments, ../../ucos_dma_bsp/ps7_cortexa9_0/lib\libucos.a(ucos_int_impl.o) does not
d:/xilinx/sdk/2017.1/gnu/aarch32/nt/gcc-arm-none-eabi/bin/../lib/gcc/arm-none-eabi/6.2.1/../../../../arm-none-eabi/bin/ld.exe: failed to merge target specific data of file ../../ucos_dma_bsp/ps7_cortexa9_0/lib\libucos.a(ucos_int_impl.o)
d:/xilinx/sdk/2017.1/gnu/aarch32/nt/gcc-arm-none-eabi/bin/../lib/gcc/arm-none-eabi/6.2.1/../../../../arm-none-eabi/bin/ld.exe: error: ucos_dma.elf uses VFP register arguments, ../../ucos_dma_bsp/ps7_cortexa9_0/lib\libucos.a(cpu_core.o) does not
d:/xilinx/sdk/2017.1/gnu/aarch32/nt/gcc-arm-none-eabi/bin/../lib/gcc/arm-none-eabi/6.2.1/../../../../arm-none-eabi/bin/ld.exe: failed to merge target specific data of file ../../ucos_dma_bsp/ps7_cortexa9_0/lib\libucos.a(cpu_core.o)
d:/xilinx/sdk/2017.1/gnu/aarch32/nt/gcc-arm-none-eabi/bin/../lib/gcc/arm-none-eabi/6.2.1/../../../../arm-none-eabi/bin/ld.exe: error: ucos_dma.elf uses VFP register arguments, ../../ucos_dma_bsp/ps7_cortexa9_0/lib\libucos.a(lib_mem.o) does not
d:/xilinx/sdk/2017.1/gnu/aarch32/nt/gcc-arm-none-eabi/bin/../lib/gcc/arm-none-eabi/6.2.1/../../../../arm-none-eabi/bin/ld.exe: failed to merge target specific data of file ../../ucos_dma_bsp/ps7_cortexa9_0/lib\libucos.a(lib_mem.o)
d:/xilinx/sdk/2017.1/gnu/aarch32/nt/gcc-arm-none-eabi/bin/../lib/gcc/arm-none-eabi/6.2.1/../../../../arm-none-eabi/bin/ld.exe: error: ucos_dma.elf uses VFP register arguments, ../../ucos_dma_bsp/ps7_cortexa9_0/lib\libucos.a(kal.o) does not
d:/xilinx/sdk/2017.1/gnu/aarch32/nt/gcc-arm-none-eabi/bin/../lib/gcc/arm-none-eabi/6.2.1/../../../../arm-none-eabi/bin/ld.exe: failed to merge target specific data of file ../../ucos_dma_bsp/ps7_cortexa9_0/lib\libucos.a(kal.o)
d:/xilinx/sdk/2017.1/gnu/aarch32/nt/gcc-arm-none-eabi/bin/../lib/gcc/arm-none-eabi/6.2.1/../../../../arm-none-eabi/bin/ld.exe: error: ucos_dma.elf uses VFP register arguments, ../../ucos_dma_bsp/ps7_cortexa9_0/lib\libucos.a(cpu_cache_armv7_generic_l1_l2c310_l2.o) does not
d:/xilinx/sdk/2017.1/gnu/aarch32/nt/gcc-arm-none-eabi/bin/../lib/gcc/arm-none-eabi/6.2.1/../../../../arm-none-eabi/bin/ld.exe: failed to merge target specific data of file ../../ucos_dma_bsp/ps7_cortexa9_0/lib\libucos.a(cpu_cache_armv7_generic_l1_l2c310_l2.o)
d:/xilinx/sdk/2017.1/gnu/aarch32/nt/gcc-arm-none-eabi/bin/../lib/gcc/arm-none-eabi/6.2.1/../../../../arm-none-eabi/bin/ld.exe: error: ucos_dma.elf uses VFP register arguments, ../../ucos_dma_bsp/ps7_cortexa9_0/lib\libucos.a(cpu_bsp.o) does not
d:/xilinx/sdk/2017.1/gnu/aarch32/nt/gcc-arm-none-eabi/bin/../lib/gcc/arm-none-eabi/6.2.1/../../../../arm-none-eabi/bin/ld.exe: failed to merge target specific data of file ../../ucos_dma_bsp/ps7_cortexa9_0/lib\libucos.a(cpu_bsp.o)
d:/xilinx/sdk/2017.1/gnu/aarch32/nt/gcc-arm-none-eabi/bin/../lib/gcc/arm-none-eabi/6.2.1/../../../../arm-none-eabi/bin/ld.exe: error: ucos_dma.elf uses VFP register arguments, ../../ucos_dma_bsp/ps7_cortexa9_0/lib\libucos.a(ucos_l2cachec.o) does not
d:/xilinx/sdk/2017.1/gnu/aarch32/nt/gcc-arm-none-eabi/bin/../lib/gcc/arm-none-eabi/6.2.1/../../../../arm-none-eabi/bin/ld.exe: failed to merge target specific data of file ../../ucos_dma_bsp/ps7_cortexa9_0/lib\libucos.a(ucos_l2cachec.o)
d:/xilinx/sdk/2017.1/gnu/aarch32/nt/gcc-arm-none-eabi/bin/../lib/gcc/arm-none-eabi/6.2.1/../../../../arm-none-eabi/bin/ld.exe: error: ucos_dma.elf uses VFP register arguments, ../../ucos_dma_bsp/ps7_cortexa9_0/lib\libucos.a(os_core.o) does not
d:/xilinx/sdk/2017.1/gnu/aarch32/nt/gcc-arm-none-eabi/bin/../lib/gcc/arm-none-eabi/6.2.1/../../../../arm-none-eabi/bin/ld.exe: failed to merge target specific data of file ../../ucos_dma_bsp/ps7_cortexa9_0/lib\libucos.a(os_core.o)
d:/xilinx/sdk/2017.1/gnu/aarch32/nt/gcc-arm-none-eabi/bin/../lib/gcc/arm-none-eabi/6.2.1/../../../../arm-none-eabi/bin/ld.exe: error: ucos_dma.elf uses VFP register arguments, ../../ucos_dma_bsp/ps7_cortexa9_0/lib\libucos.a(os_dbg_r.o) does not
d:/xilinx/sdk/2017.1/gnu/aarch32/nt/gcc-arm-none-eabi/bin/../lib/gcc/arm-none-eabi/6.2.1/../../../../arm-none-eabi/bin/ld.exe: failed to merge target specific data of file ../../ucos_dma_bsp/ps7_cortexa9_0/lib\libucos.a(os_dbg_r.o)
d:/xilinx/sdk/2017.1/gnu/aarch32/nt/gcc-arm-none-eabi/bin/../lib/gcc/arm-none-eabi/6.2.1/../../../../arm-none-eabi/bin/ld.exe: error: ucos_dma.elf uses VFP register arguments, ../../ucos_dma_bsp/ps7_cortexa9_0/lib\libucos.a(os_flag.o) does not
d:/xilinx/sdk/2017.1/gnu/aarch32/nt/gcc-arm-none-eabi/bin/../lib/gcc/arm-none-eabi/6.2.1/../../../../arm-none-eabi/bin/ld.exe: failed to merge target specific data of file ../../ucos_dma_bsp/ps7_cortexa9_0/lib\libucos.a(os_flag.o)
d:/xilinx/sdk/2017.1/gnu/aarch32/nt/gcc-arm-none-eabi/bin/../lib/gcc/arm-none-eabi/6.2.1/../../../../arm-none-eabi/bin/ld.exe: error: ucos_dma.elf uses VFP register arguments, ../../ucos_dma_bsp/ps7_cortexa9_0/lib\libucos.a(os_mem.o) does not
d:/xilinx/sdk/2017.1/gnu/aarch32/nt/gcc-arm-none-eabi/bin/../lib/gcc/arm-none-eabi/6.2.1/../../../../arm-none-eabi/bin/ld.exe: failed to merge target specific data of file ../../ucos_dma_bsp/ps7_cortexa9_0/lib\libucos.a(os_mem.o)
d:/xilinx/sdk/2017.1/gnu/aarch32/nt/gcc-arm-none-eabi/bin/../lib/gcc/arm-none-eabi/6.2.1/../../../../arm-none-eabi/bin/ld.exe: error: ucos_dma.elf uses VFP register arguments, ../../ucos_dma_bsp/ps7_cortexa9_0/lib\libucos.a(os_q.o) does not
d:/xilinx/sdk/2017.1/gnu/aarch32/nt/gcc-arm-none-eabi/bin/../lib/gcc/arm-none-eabi/6.2.1/../../../../arm-none-eabi/bin/ld.exe: failed to merge target specific data of file ../../ucos_dma_bsp/ps7_cortexa9_0/lib\libucos.a(os_q.o)
d:/xilinx/sdk/2017.1/gnu/aarch32/nt/gcc-arm-none-eabi/bin/../lib/gcc/arm-none-eabi/6.2.1/../../../../arm-none-eabi/bin/ld.exe: error: ucos_dma.elf uses VFP register arguments, ../../ucos_dma_bsp/ps7_cortexa9_0/lib\libucos.a(os_sem.o) does not
d:/xilinx/sdk/2017.1/gnu/aarch32/nt/gcc-arm-none-eabi/bin/../lib/gcc/arm-none-eabi/6.2.1/../../../../arm-none-eabi/bin/ld.exe: failed to merge target specific data of file ../../ucos_dma_bsp/ps7_cortexa9_0/lib\libucos.a(os_sem.o)
d:/xilinx/sdk/2017.1/gnu/aarch32/nt/gcc-arm-none-eabi/bin/../lib/gcc/arm-none-eabi/6.2.1/../../../../arm-none-eabi/bin/ld.exe: error: ucos_dma.elf uses VFP register arguments, ../../ucos_dma_bsp/ps7_cortexa9_0/lib\libucos.a(os_task.o) does not
d:/xilinx/sdk/2017.1/gnu/aarch32/nt/gcc-arm-none-eabi/bin/../lib/gcc/arm-none-eabi/6.2.1/../../../../arm-none-eabi/bin/ld.exe: failed to merge target specific data of file ../../ucos_dma_bsp/ps7_cortexa9_0/lib\libucos.a(os_task.o)
d:/xilinx/sdk/2017.1/gnu/aarch32/nt/gcc-arm-none-eabi/bin/../lib/gcc/arm-none-eabi/6.2.1/../../../../arm-none-eabi/bin/ld.exe: error: ucos_dma.elf uses VFP register arguments, ../../ucos_dma_bsp/ps7_cortexa9_0/lib\libucos.a(os_tmr.o) does not
d:/xilinx/sdk/2017.1/gnu/aarch32/nt/gcc-arm-none-eabi/bin/../lib/gcc/arm-none-eabi/6.2.1/../../../../arm-none-eabi/bin/ld.exe: failed to merge target specific data of file ../../ucos_dma_bsp/ps7_cortexa9_0/lib\libucos.a(os_tmr.o)
d:/xilinx/sdk/2017.1/gnu/aarch32/nt/gcc-arm-none-eabi/bin/../lib/gcc/arm-none-eabi/6.2.1/../../../../arm-none-eabi/bin/ld.exe: error: ucos_dma.elf uses VFP register arguments, ../../ucos_dma_bsp/ps7_cortexa9_0/lib\libucos.a(ucos_osii_bsp.o) does not
d:/xilinx/sdk/2017.1/gnu/aarch32/nt/gcc-arm-none-eabi/bin/../lib/gcc/arm-none-eabi/6.2.1/../../../../arm-none-eabi/bin/ld.exe: failed to merge target specific data of file ../../ucos_dma_bsp/ps7_cortexa9_0/lib\libucos.a(ucos_osii_bsp.o)
d:/xilinx/sdk/2017.1/gnu/aarch32/nt/gcc-arm-none-eabi/bin/../lib/gcc/arm-none-eabi/6.2.1/../../../../arm-none-eabi/bin/ld.exe: error: ucos_dma.elf uses VFP register arguments, ../../ucos_dma_bsp/ps7_cortexa9_0/lib\libucos.a(ucos_scuc.o) does not
d:/xilinx/sdk/2017.1/gnu/aarch32/nt/gcc-arm-none-eabi/bin/../lib/gcc/arm-none-eabi/6.2.1/../../../../arm-none-eabi/bin/ld.exe: failed to merge target specific data of file ../../ucos_dma_bsp/ps7_cortexa9_0/lib\libucos.a(ucos_scuc.o)
d:/xilinx/sdk/2017.1/gnu/aarch32/nt/gcc-arm-none-eabi/bin/../lib/gcc/arm-none-eabi/6.2.1/../../../../arm-none-eabi/bin/ld.exe: error: ucos_dma.elf uses VFP register arguments, ../../ucos_dma_bsp/ps7_cortexa9_0/lib\libucos.a(ucos_scugic.o) does not
d:/xilinx/sdk/2017.1/gnu/aarch32/nt/gcc-arm-none-eabi/bin/../lib/gcc/arm-none-eabi/6.2.1/../../../../arm-none-eabi/bin/ld.exe: failed to merge target specific data of file ../../ucos_dma_bsp/ps7_cortexa9_0/lib\libucos.a(ucos_scugic.o)
collect2.exe: error: ld returned 1 exit status
make: *** [ucos_dma.elf] Erreur 1
15:14:30 **** Build of project ucos_dma_bsp ****
make -k all 
"Running Make include in ps7_cortexa9_0/libsrc/axidma_v9_3/src"
make -C ps7_cortexa9_0/libsrc/axidma_v9_3/src -s include  "SHELL=CMD" "COMPILER=arm-xilinx-eabi-gcc" "ARCHIVER=arm-xilinx-eabi-ar" "COMPILER_FLAGS=  -O2 -c" "EXTRA_COMPILER_FLAGS=-g"
"Running Make include in ps7_cortexa9_0/libsrc/coresightps_dcc_v1_4/src"
make -C ps7_cortexa9_0/libsrc/coresightps_dcc_v1_4/src -s include  "SHELL=CMD" "COMPILER=arm-xilinx-eabi-gcc" "ARCHIVER=arm-xilinx-eabi-ar" "COMPILER_FLAGS=  -O2 -c" "EXTRA_COMPILER_FLAGS=-g"
"Running Make include in ps7_cortexa9_0/libsrc/ddrps_v1_0/src"
make -C ps7_cortexa9_0/libsrc/ddrps_v1_0/src -s include  "SHELL=CMD" "COMPILER=arm-xilinx-eabi-gcc" "ARCHIVER=arm-xilinx-eabi-ar" "COMPILER_FLAGS=  -O2 -c" "EXTRA_COMPILER_FLAGS=-g"
"Running Make include in ps7_cortexa9_0/libsrc/devcfg_v3_4/src"
make -C ps7_cortexa9_0/libsrc/devcfg_v3_4/src -s include  "SHELL=CMD" "COMPILER=arm-xilinx-eabi-gcc" "ARCHIVER=arm-xilinx-eabi-ar" "COMPILER_FLAGS=  -O2 -c" "EXTRA_COMPILER_FLAGS=-g"
"Running Make include in ps7_cortexa9_0/libsrc/dmaps_v2_3/src"
make -C ps7_cortexa9_0/libsrc/dmaps_v2_3/src -s include  "SHELL=CMD" "COMPILER=arm-xilinx-eabi-gcc" "ARCHIVER=arm-xilinx-eabi-ar" "COMPILER_FLAGS=  -O2 -c" "EXTRA_COMPILER_FLAGS=-g"
"Running Make include in ps7_cortexa9_0/libsrc/gpiops_v3_2/src"
make -C ps7_cortexa9_0/libsrc/gpiops_v3_2/src -s include  "SHELL=CMD" "COMPILER=arm-xilinx-eabi-gcc" "ARCHIVER=arm-xilinx-eabi-ar" "COMPILER_FLAGS=  -O2 -c" "EXTRA_COMPILER_FLAGS=-g"
"Running Make include in ps7_cortexa9_0/libsrc/qspips_v3_3/src"
make -C ps7_cortexa9_0/libsrc/qspips_v3_3/src -s include  "SHELL=CMD" "COMPILER=arm-xilinx-eabi-gcc" "ARCHIVER=arm-xilinx-eabi-ar" "COMPILER_FLAGS=  -O2 -c" "EXTRA_COMPILER_FLAGS=-g"
"Running Make include in ps7_cortexa9_0/libsrc/scuwdt_v2_1/src"
make -C ps7_cortexa9_0/libsrc/scuwdt_v2_1/src -s include  "SHELL=CMD" "COMPILER=arm-xilinx-eabi-gcc" "ARCHIVER=arm-xilinx-eabi-ar" "COMPILER_FLAGS=  -O2 -c" "EXTRA_COMPILER_FLAGS=-g"
"Running Make include in ps7_cortexa9_0/libsrc/ucos_common_v1_41/src"
make -C ps7_cortexa9_0/libsrc/ucos_common_v1_41/src -s include  "SHELL=CMD" "COMPILER=arm-xilinx-eabi-gcc" "ARCHIVER=arm-xilinx-eabi-ar" "COMPILER_FLAGS=  -O2 -c" "EXTRA_COMPILER_FLAGS=-g"
"Running Make include in ps7_cortexa9_0/libsrc/ucos_cpu_cortexa9_v1_41/src"
make -C ps7_cortexa9_0/libsrc/ucos_cpu_cortexa9_v1_41/src -s include  "SHELL=CMD" "COMPILER=arm-xilinx-eabi-gcc" "ARCHIVER=arm-xilinx-eabi-ar" "COMPILER_FLAGS=  -O2 -c" "EXTRA_COMPILER_FLAGS=-g"
"Running Make include in ps7_cortexa9_0/libsrc/ucos_emacps_v1_41/src"
make -C ps7_cortexa9_0/libsrc/ucos_emacps_v1_41/src -s include  "SHELL=CMD" "COMPILER=arm-xilinx-eabi-gcc" "ARCHIVER=arm-xilinx-eabi-ar" "COMPILER_FLAGS=  -O2 -c" "EXTRA_COMPILER_FLAGS=-g"
"Running Make include in ps7_cortexa9_0/libsrc/ucos_l2cachec_v1_41/src"
make -C ps7_cortexa9_0/libsrc/ucos_l2cachec_v1_41/src -s include  "SHELL=CMD" "COMPILER=arm-xilinx-eabi-gcc" "ARCHIVER=arm-xilinx-eabi-ar" "COMPILER_FLAGS=  -O2 -c" "EXTRA_COMPILER_FLAGS=-g"
"Running Make include in ps7_cortexa9_0/libsrc/ucos_osiii_v1_41/src"
make -C ps7_cortexa9_0/libsrc/ucos_osiii_v1_41/src -s include  "SHELL=CMD" "COMPILER=arm-xilinx-eabi-gcc" "ARCHIVER=arm-xilinx-eabi-ar" "COMPILER_FLAGS=  -O2 -c" "EXTRA_COMPILER_FLAGS=-g"
"Running Make include in ps7_cortexa9_0/libsrc/ucos_scuc_v1_41/src"
make -C ps7_cortexa9_0/libsrc/ucos_scuc_v1_41/src -s include  "SHELL=CMD" "COMPILER=arm-xilinx-eabi-gcc" "ARCHIVER=arm-xilinx-eabi-ar" "COMPILER_FLAGS=  -O2 -c" "EXTRA_COMPILER_FLAGS=-g"
"Running Make include in ps7_cortexa9_0/libsrc/ucos_scugic_v1_41/src"
make -C ps7_cortexa9_0/libsrc/ucos_scugic_v1_41/src -s include  "SHELL=CMD" "COMPILER=arm-xilinx-eabi-gcc" "ARCHIVER=arm-xilinx-eabi-ar" "COMPILER_FLAGS=  -O2 -c" "EXTRA_COMPILER_FLAGS=-g"
"Running Make include in ps7_cortexa9_0/libsrc/ucos_scutimer_v1_41/src"
make -C ps7_cortexa9_0/libsrc/ucos_scutimer_v1_41/src -s include  "SHELL=CMD" "COMPILER=arm-xilinx-eabi-gcc" "ARCHIVER=arm-xilinx-eabi-ar" "COMPILER_FLAGS=  -O2 -c" "EXTRA_COMPILER_FLAGS=-g"
"Running Make include in ps7_cortexa9_0/libsrc/ucos_standalone_v1_41/src"
make -C ps7_cortexa9_0/libsrc/ucos_standalone_v1_41/src -s include  "SHELL=CMD" "COMPILER=arm-xilinx-eabi-gcc" "ARCHIVER=arm-xilinx-eabi-ar" "COMPILER_FLAGS=  -O2 -c" "EXTRA_COMPILER_FLAGS=-g"
"Running Make include in ps7_cortexa9_0/libsrc/ucos_ttcps_v1_41/src"
make -C ps7_cortexa9_0/libsrc/ucos_ttcps_v1_41/src -s include  "SHELL=CMD" "COMPILER=arm-xilinx-eabi-gcc" "ARCHIVER=arm-xilinx-eabi-ar" "COMPILER_FLAGS=  -O2 -c" "EXTRA_COMPILER_FLAGS=-g"
"Running Make include in ps7_cortexa9_0/libsrc/ucos_uartps_v1_41/src"
make -C ps7_cortexa9_0/libsrc/ucos_uartps_v1_41/src -s include  "SHELL=CMD" "COMPILER=arm-xilinx-eabi-gcc" "ARCHIVER=arm-xilinx-eabi-ar" "COMPILER_FLAGS=  -O2 -c" "EXTRA_COMPILER_FLAGS=-g"
"Running Make include in ps7_cortexa9_0/libsrc/ucos_usbps_v1_41/src"
make -C ps7_cortexa9_0/libsrc/ucos_usbps_v1_41/src -s include  "SHELL=CMD" "COMPILER=arm-xilinx-eabi-gcc" "ARCHIVER=arm-xilinx-eabi-ar" "COMPILER_FLAGS=  -O2 -c" "EXTRA_COMPILER_FLAGS=-g"
"Running Make include in ps7_cortexa9_0/libsrc/ucos_v1_41/src"
make -C ps7_cortexa9_0/libsrc/ucos_v1_41/src -s include  "SHELL=CMD" "COMPILER=arm-xilinx-eabi-gcc" "ARCHIVER=arm-xilinx-eabi-ar" "COMPILER_FLAGS=  -O2 -c" "EXTRA_COMPILER_FLAGS=-g"
"Running Make include in ps7_cortexa9_0/libsrc/xadcps_v2_2/src"
make -C ps7_cortexa9_0/libsrc/xadcps_v2_2/src -s include  "SHELL=CMD" "COMPILER=arm-xilinx-eabi-gcc" "ARCHIVER=arm-xilinx-eabi-ar" "COMPILER_FLAGS=  -O2 -c" "EXTRA_COMPILER_FLAGS=-g"
"Running Make libs in ps7_cortexa9_0/libsrc/axidma_v9_3/src"
make -C ps7_cortexa9_0/libsrc/axidma_v9_3/src -s libs  "SHELL=CMD" "COMPILER=arm-xilinx-eabi-gcc" "ARCHIVER=arm-xilinx-eabi-ar" "COMPILER_FLAGS=  -O2 -c" "EXTRA_COMPILER_FLAGS=-g"
"Compiling axidma"
arm-xilinx-eabi-ar: creating ../../../lib/libxil.a
"Running Make libs in ps7_cortexa9_0/libsrc/coresightps_dcc_v1_4/src"
make -C ps7_cortexa9_0/libsrc/coresightps_dcc_v1_4/src -s libs  "SHELL=CMD" "COMPILER=arm-xilinx-eabi-gcc" "ARCHIVER=arm-xilinx-eabi-ar" "COMPILER_FLAGS=  -O2 -c" "EXTRA_COMPILER_FLAGS=-g"
"Compiling coresightps_dcc"
"Running Make libs in ps7_cortexa9_0/libsrc/ddrps_v1_0/src"
make -C ps7_cortexa9_0/libsrc/ddrps_v1_0/src -s libs  "SHELL=CMD" "COMPILER=arm-xilinx-eabi-gcc" "ARCHIVER=arm-xilinx-eabi-ar" "COMPILER_FLAGS=  -O2 -c" "EXTRA_COMPILER_FLAGS=-g"
"Compiling ddrps"
"Running Make libs in ps7_cortexa9_0/libsrc/devcfg_v3_4/src"
make -C ps7_cortexa9_0/libsrc/devcfg_v3_4/src -s libs  "SHELL=CMD" "COMPILER=arm-xilinx-eabi-gcc" "ARCHIVER=arm-xilinx-eabi-ar" "COMPILER_FLAGS=  -O2 -c" "EXTRA_COMPILER_FLAGS=-g"
"Compiling devcfg"
"Running Make libs in ps7_cortexa9_0/libsrc/dmaps_v2_3/src"
make -C ps7_cortexa9_0/libsrc/dmaps_v2_3/src -s libs  "SHELL=CMD" "COMPILER=arm-xilinx-eabi-gcc" "ARCHIVER=arm-xilinx-eabi-ar" "COMPILER_FLAGS=  -O2 -c" "EXTRA_COMPILER_FLAGS=-g"
"Compiling dmaps"
xdmaps.c:419:15: error: expected '=', ',', ';', 'asm' or '__attribute__' before 'int'
 static INLINE int XDmaPs_Instr_DMAEND(char *DmaProg)
               ^
xdmaps.c:431:15: error: expected '=', ',', ';', 'asm' or '__attribute__' before 'void'
 static INLINE void XDmaPs_Memcpy4(char *Dst, char *Src)
               ^
xdmaps.c:462:15: error: expected '=', ',', ';', 'asm' or '__attribute__' before 'int'
 static INLINE int XDmaPs_Instr_DMAGO(char *DmaProg, unsigned int Cn,
               ^
xdmaps.c:498:15: error: expected '=', ',', ';', 'asm' or '__attribute__' before 'int'
 static INLINE int XDmaPs_Instr_DMALD(char *DmaProg)
               ^
xdmaps.c:529:15: error: expected '=', ',', ';', 'asm' or '__attribute__' before 'int'
 static INLINE int XDmaPs_Instr_DMALP(char *DmaProg, unsigned Lc,
               ^
xdmaps.c:559:15: error: expected '=', ',', ';', 'asm' or '__attribute__' before 'int'
 static INLINE int XDmaPs_Instr_DMALPEND(char *DmaProg, char *BodyStart, unsigned Lc)
               ^
xdmaps.c:600:15: error: expected '=', ',', ';', 'asm' or '__attribute__' before 'int'
 static INLINE int XDmaPs_Instr_DMAMOV(char *DmaProg, unsigned Rd, u32 Imm)
               ^
xdmaps.c:633:15: error: expected '=', ',', ';', 'asm' or '__attribute__' before 'int'
 static INLINE int XDmaPs_Instr_DMANOP(char *DmaProg)
               ^
xdmaps.c:658:15: error: expected '=', ',', ';', 'asm' or '__attribute__' before 'int'
 static INLINE int XDmaPs_Instr_DMARMB(char *DmaProg)
               ^
xdmaps.c:684:15: error: expected '=', ',', ';', 'asm' or '__attribute__' before 'int'
 static INLINE int XDmaPs_Instr_DMASEV(char *DmaProg, unsigned int EventNumber)
               ^
xdmaps.c:712:15: error: expected '=', ',', ';', 'asm' or '__attribute__' before 'int'
 static INLINE int XDmaPs_Instr_DMAST(char *DmaProg)
               ^
xdmaps.c:741:15: error: expected '=', ',', ';', 'asm' or '__attribute__' before 'int'
 static INLINE int XDmaPs_Instr_DMAWMB(char *DmaProg)
               ^
xdmaps.c:765:15: error: expected '=', ',', ';', 'asm' or '__attribute__' before 'unsigned'
 static INLINE unsigned XDmaPs_ToEndianSwapSizeBits(unsigned int EndianSwapSize)
               ^
xdmaps.c:798:15: error: expected '=', ',', ';', 'asm' or '__attribute__' before 'unsigned'
 static INLINE unsigned XDmaPs_ToBurstSizeBits(unsigned BurstSize)
               ^
make[1]: *** [xdmaps.o] Erreur 1
make[1]: La cible « libs » n'a pas pu être refabriquée à cause d'erreurs.
make: *** [ps7_cortexa9_0/libsrc/dmaps_v2_3/src/make.libs] Erreur 2
"Running Make libs in ps7_cortexa9_0/libsrc/gpiops_v3_2/src"
make -C ps7_cortexa9_0/libsrc/gpiops_v3_2/src -s libs  "SHELL=CMD" "COMPILER=arm-xilinx-eabi-gcc" "ARCHIVER=arm-xilinx-eabi-ar" "COMPILER_FLAGS=  -O2 -c" "EXTRA_COMPILER_FLAGS=-g"
"Compiling gpiops"
"Running Make libs in ps7_cortexa9_0/libsrc/qspips_v3_3/src"
make -C ps7_cortexa9_0/libsrc/qspips_v3_3/src -s libs  "SHELL=CMD" "COMPILER=arm-xilinx-eabi-gcc" "ARCHIVER=arm-xilinx-eabi-ar" "COMPILER_FLAGS=  -O2 -c" "EXTRA_COMPILER_FLAGS=-g"
"Compiling qspips"
"Running Make libs in ps7_cortexa9_0/libsrc/scuwdt_v2_1/src"
make -C ps7_cortexa9_0/libsrc/scuwdt_v2_1/src -s libs  "SHELL=CMD" "COMPILER=arm-xilinx-eabi-gcc" "ARCHIVER=arm-xilinx-eabi-ar" "COMPILER_FLAGS=  -O2 -c" "EXTRA_COMPILER_FLAGS=-g"
"Compiling scuwdt"
"Running Make libs in ps7_cortexa9_0/libsrc/ucos_common_v1_41/src"
make -C ps7_cortexa9_0/libsrc/ucos_common_v1_41/src -s libs  "SHELL=CMD" "COMPILER=arm-xilinx-eabi-gcc" "ARCHIVER=arm-xilinx-eabi-ar" "COMPILER_FLAGS=  -O2 -c" "EXTRA_COMPILER_FLAGS=-g"
"Compiling uC/OS Common Components"
d:\xilinx\sdk\2017.1\gnu\arm\nt\bin\../lib/gcc/arm-xilinx-eabi/4.9.2/../../../../arm-xilinx-eabi/bin/ar.exe: creating ../../../lib/libucos.a
"Running Make libs in ps7_cortexa9_0/libsrc/ucos_cpu_cortexa9_v1_41/src"
make -C ps7_cortexa9_0/libsrc/ucos_cpu_cortexa9_v1_41/src -s libs  "SHELL=CMD" "COMPILER=arm-xilinx-eabi-gcc" "ARCHIVER=arm-xilinx-eabi-ar" "COMPILER_FLAGS=  -O2 -c" "EXTRA_COMPILER_FLAGS=-g"
"Compiling ucos_cpu_cortexa9"
"Running Make libs in ps7_cortexa9_0/libsrc/ucos_emacps_v1_41/src"
make -C ps7_cortexa9_0/libsrc/ucos_emacps_v1_41/src -s libs  "SHELL=CMD" "COMPILER=arm-xilinx-eabi-gcc" "ARCHIVER=arm-xilinx-eabi-ar" "COMPILER_FLAGS=  -O2 -c" "EXTRA_COMPILER_FLAGS=-g"
"Compiling ucos_usbps"
"Running Make libs in ps7_cortexa9_0/libsrc/ucos_l2cachec_v1_41/src"
make -C ps7_cortexa9_0/libsrc/ucos_l2cachec_v1_41/src -s libs  "SHELL=CMD" "COMPILER=arm-xilinx-eabi-gcc" "ARCHIVER=arm-xilinx-eabi-ar" "COMPILER_FLAGS=  -O2 -c" "EXTRA_COMPILER_FLAGS=-g"
"Compiling ucos_scuc"
"Running Make libs in ps7_cortexa9_0/libsrc/ucos_osiii_v1_41/src"
make -C ps7_cortexa9_0/libsrc/ucos_osiii_v1_41/src -s libs  "SHELL=CMD" "COMPILER=arm-xilinx-eabi-gcc" "ARCHIVER=arm-xilinx-eabi-ar" "COMPILER_FLAGS=  -O2 -c" "EXTRA_COMPILER_FLAGS=-g"
"Compiling uC/OS-III"
"Running Make libs in ps7_cortexa9_0/libsrc/ucos_scuc_v1_41/src"
make -C ps7_cortexa9_0/libsrc/ucos_scuc_v1_41/src -s libs  "SHELL=CMD" "COMPILER=arm-xilinx-eabi-gcc" "ARCHIVER=arm-xilinx-eabi-ar" "COMPILER_FLAGS=  -O2 -c" "EXTRA_COMPILER_FLAGS=-g"
"Compiling ucos_l2cachec"
"Running Make libs in ps7_cortexa9_0/libsrc/ucos_scugic_v1_41/src"
make -C ps7_cortexa9_0/libsrc/ucos_scugic_v1_41/src -s libs  "SHELL=CMD" "COMPILER=arm-xilinx-eabi-gcc" "ARCHIVER=arm-xilinx-eabi-ar" "COMPILER_FLAGS=  -O2 -c" "EXTRA_COMPILER_FLAGS=-g"
"Compiling scugic"
"Running Make libs in ps7_cortexa9_0/libsrc/ucos_scutimer_v1_41/src"
make -C ps7_cortexa9_0/libsrc/ucos_scutimer_v1_41/src -s libs  "SHELL=CMD" "COMPILER=arm-xilinx-eabi-gcc" "ARCHIVER=arm-xilinx-eabi-ar" "COMPILER_FLAGS=  -O2 -c" "EXTRA_COMPILER_FLAGS=-g"
"Compiling scutimer"
"Running Make libs in ps7_cortexa9_0/libsrc/ucos_standalone_v1_41/src"
make -C ps7_cortexa9_0/libsrc/ucos_standalone_v1_41/src -s libs  "SHELL=CMD" "COMPILER=arm-xilinx-eabi-gcc" "ARCHIVER=arm-xilinx-eabi-ar" "COMPILER_FLAGS=  -O2 -c" "EXTRA_COMPILER_FLAGS=-g"
"Compiling standalone"
"Running Make libs in ps7_cortexa9_0/libsrc/ucos_ttcps_v1_41/src"
make -C ps7_cortexa9_0/libsrc/ucos_ttcps_v1_41/src -s libs  "SHELL=CMD" "COMPILER=arm-xilinx-eabi-gcc" "ARCHIVER=arm-xilinx-eabi-ar" "COMPILER_FLAGS=  -O2 -c" "EXTRA_COMPILER_FLAGS=-g"
"Compiling ucos_ttcps"
"Running Make libs in ps7_cortexa9_0/libsrc/ucos_uartps_v1_41/src"
make -C ps7_cortexa9_0/libsrc/ucos_uartps_v1_41/src -s libs  "SHELL=CMD" "COMPILER=arm-xilinx-eabi-gcc" "ARCHIVER=arm-xilinx-eabi-ar" "COMPILER_FLAGS=  -O2 -c" "EXTRA_COMPILER_FLAGS=-g"
"Compiling ucos_emacps"
"Running Make libs in ps7_cortexa9_0/libsrc/ucos_usbps_v1_41/src"
make -C ps7_cortexa9_0/libsrc/ucos_usbps_v1_41/src -s libs  "SHELL=CMD" "COMPILER=arm-xilinx-eabi-gcc" "ARCHIVER=arm-xilinx-eabi-ar" "COMPILER_FLAGS=  -O2 -c" "EXTRA_COMPILER_FLAGS=-g"
"Compiling ucos_usbps"
"Running Make libs in ps7_cortexa9_0/libsrc/ucos_v1_41/src"
make -C ps7_cortexa9_0/libsrc/ucos_v1_41/src -s libs  "SHELL=CMD" "COMPILER=arm-xilinx-eabi-gcc" "ARCHIVER=arm-xilinx-eabi-ar" "COMPILER_FLAGS=  -O2 -c" "EXTRA_COMPILER_FLAGS=-g"
"Compiling uC/OS"
"Running Make libs in ps7_cortexa9_0/libsrc/xadcps_v2_2/src"
make -C ps7_cortexa9_0/libsrc/xadcps_v2_2/src -s libs  "SHELL=CMD" "COMPILER=arm-xilinx-eabi-gcc" "ARCHIVER=arm-xilinx-eabi-ar" "COMPILER_FLAGS=  -O2 -c" "EXTRA_COMPILER_FLAGS=-g"
"Compiling xadcps"
make: La cible « all » n'a pas pu être refabriquée à cause d'erreurs.
15:15:14 **** Build of configuration Debug for project ucos_dma ****
make pre-build main-build 
a9-linaro-pre-build-step
' '
'Building file: ../src/app.c'
'Invoking: ARM v7 gcc compiler'
arm-none-eabi-gcc -Wall -O0 -g3 -c -fmessage-length=0 -MT"src/app.o" -mcpu=cortex-a9 -mfpu=vfpv3 -mfloat-abi=hard -I../../ucos_dma_bsp/ps7_cortexa9_0/include -MMD -MP -MF"src/app.d" -MT"src/app.o" -o "src/app.o" "../src/app.c"
'Finished building: ../src/app.c'
' '
'Building target: ucos_dma.elf'
'Invoking: ARM v7 gcc linker'
arm-none-eabi-gcc -mcpu=cortex-a9 -mfpu=vfpv3 -mfloat-abi=hard -Wl,-build-id=none -specs=Xilinx.spec -Wl,-T -Wl,../src/lscript.ld -L../../ucos_dma_bsp/ps7_cortexa9_0/lib -o "ucos_dma.elf"  ./src/app.o   -Wl,--start-group,-lucos,-lgcc,-lc,--end-group -Wl,--start-group,-lxil,-lucos,-lgcc,-lc,--end-group
d:/xilinx/sdk/2017.1/gnu/aarch32/nt/gcc-arm-none-eabi/bin/../lib/gcc/arm-none-eabi/6.2.1/../../../../arm-none-eabi/bin/ld.exe: error: ucos_dma.elf uses VFP register arguments, ../../ucos_dma_bsp/ps7_cortexa9_0/lib\libucos.a(os_time.o) does not
d:/xilinx/sdk/2017.1/gnu/aarch32/nt/gcc-arm-none-eabi/bin/../lib/gcc/arm-none-eabi/6.2.1/../../../../arm-none-eabi/bin/ld.exe: failed to merge target specific data of file ../../ucos_dma_bsp/ps7_cortexa9_0/lib\libucos.a(os_time.o)
d:/xilinx/sdk/2017.1/gnu/aarch32/nt/gcc-arm-none-eabi/bin/../lib/gcc/arm-none-eabi/6.2.1/../../../../arm-none-eabi/bin/ld.exe: error: ucos_dma.elf uses VFP register arguments, ../../ucos_dma_bsp/ps7_cortexa9_0/lib\libucos.a(os_var.o) does not
d:/xilinx/sdk/2017.1/gnu/aarch32/nt/gcc-arm-none-eabi/bin/../lib/gcc/arm-none-eabi/6.2.1/../../../../arm-none-eabi/bin/ld.exe: failed to merge target specific data of file ../../ucos_dma_bsp/ps7_cortexa9_0/lib\libucos.a(os_var.o)
d:/xilinx/sdk/2017.1/gnu/aarch32/nt/gcc-arm-none-eabi/bin/../lib/gcc/arm-none-eabi/6.2.1/../../../../arm-none-eabi/bin/ld.exe: error: ucos_dma.elf uses VFP register arguments, ../../ucos_dma_bsp/ps7_cortexa9_0/lib\libucos.a(os_cpu_c.o) does not
d:/xilinx/sdk/2017.1/gnu/aarch32/nt/gcc-arm-none-eabi/bin/../lib/gcc/arm-none-eabi/6.2.1/../../../../arm-none-eabi/bin/ld.exe: failed to merge target specific data of file ../../ucos_dma_bsp/ps7_cortexa9_0/lib\libucos.a(os_cpu_c.o)
d:/xilinx/sdk/2017.1/gnu/aarch32/nt/gcc-arm-none-eabi/bin/../lib/gcc/arm-none-eabi/6.2.1/../../../../arm-none-eabi/bin/ld.exe: error: ucos_dma.elf uses VFP register arguments, ../../ucos_dma_bsp/ps7_cortexa9_0/lib\libucos.a(ucos_startup.o) does not
d:/xilinx/sdk/2017.1/gnu/aarch32/nt/gcc-arm-none-eabi/bin/../lib/gcc/arm-none-eabi/6.2.1/../../../../arm-none-eabi/bin/ld.exe: failed to merge target specific data of file ../../ucos_dma_bsp/ps7_cortexa9_0/lib\libucos.a(ucos_startup.o)
d:/xilinx/sdk/2017.1/gnu/aarch32/nt/gcc-arm-none-eabi/bin/../lib/gcc/arm-none-eabi/6.2.1/../../../../arm-none-eabi/bin/ld.exe: error: ucos_dma.elf uses VFP register arguments, ../../ucos_dma_bsp/ps7_cortexa9_0/lib\libucos.a(ucos_stdinout.o) does not
d:/xilinx/sdk/2017.1/gnu/aarch32/nt/gcc-arm-none-eabi/bin/../lib/gcc/arm-none-eabi/6.2.1/../../../../arm-none-eabi/bin/ld.exe: failed to merge target specific data of file ../../ucos_dma_bsp/ps7_cortexa9_0/lib\libucos.a(ucos_stdinout.o)
d:/xilinx/sdk/2017.1/gnu/aarch32/nt/gcc-arm-none-eabi/bin/../lib/gcc/arm-none-eabi/6.2.1/../../../../arm-none-eabi/bin/ld.exe: error: ucos_dma.elf uses VFP register arguments, ../../ucos_dma_bsp/ps7_cortexa9_0/lib\libucos.a(ucos_printf.o) does not
d:/xilinx/sdk/2017.1/gnu/aarch32/nt/gcc-arm-none-eabi/bin/../lib/gcc/arm-none-eabi/6.2.1/../../../../arm-none-eabi/bin/ld.exe: failed to merge target specific data of file ../../ucos_dma_bsp/ps7_cortexa9_0/lib\libucos.a(ucos_printf.o)
d:/xilinx/sdk/2017.1/gnu/aarch32/nt/gcc-arm-none-eabi/bin/../lib/gcc/arm-none-eabi/6.2.1/../../../../arm-none-eabi/bin/ld.exe: error: ucos_dma.elf uses VFP register arguments, ../../ucos_dma_bsp/ps7_cortexa9_0/lib\libucos.a(ucos_impl.o) does not
d:/xilinx/sdk/2017.1/gnu/aarch32/nt/gcc-arm-none-eabi/bin/../lib/gcc/arm-none-eabi/6.2.1/../../../../arm-none-eabi/bin/ld.exe: failed to merge target specific data of file ../../ucos_dma_bsp/ps7_cortexa9_0/lib\libucos.a(ucos_impl.o)
d:/xilinx/sdk/2017.1/gnu/aarch32/nt/gcc-arm-none-eabi/bin/../lib/gcc/arm-none-eabi/6.2.1/../../../../arm-none-eabi/bin/ld.exe: error: ucos_dma.elf uses VFP register arguments, ../../ucos_dma_bsp/ps7_cortexa9_0/lib\libucos.a(ucos_int_impl.o) does not
d:/xilinx/sdk/2017.1/gnu/aarch32/nt/gcc-arm-none-eabi/bin/../lib/gcc/arm-none-eabi/6.2.1/../../../../arm-none-eabi/bin/ld.exe: failed to merge target specific data of file ../../ucos_dma_bsp/ps7_cortexa9_0/lib\libucos.a(ucos_int_impl.o)
d:/xilinx/sdk/2017.1/gnu/aarch32/nt/gcc-arm-none-eabi/bin/../lib/gcc/arm-none-eabi/6.2.1/../../../../arm-none-eabi/bin/ld.exe: error: ucos_dma.elf uses VFP register arguments, ../../ucos_dma_bsp/ps7_cortexa9_0/lib\libucos.a(cpu_core.o) does not
d:/xilinx/sdk/2017.1/gnu/aarch32/nt/gcc-arm-none-eabi/bin/../lib/gcc/arm-none-eabi/6.2.1/../../../../arm-none-eabi/bin/ld.exe: failed to merge target specific data of file ../../ucos_dma_bsp/ps7_cortexa9_0/lib\libucos.a(cpu_core.o)
d:/xilinx/sdk/2017.1/gnu/aarch32/nt/gcc-arm-none-eabi/bin/../lib/gcc/arm-none-eabi/6.2.1/../../../../arm-none-eabi/bin/ld.exe: error: ucos_dma.elf uses VFP register arguments, ../../ucos_dma_bsp/ps7_cortexa9_0/lib\libucos.a(lib_mem.o) does not
d:/xilinx/sdk/2017.1/gnu/aarch32/nt/gcc-arm-none-eabi/bin/../lib/gcc/arm-none-eabi/6.2.1/../../../../arm-none-eabi/bin/ld.exe: failed to merge target specific data of file ../../ucos_dma_bsp/ps7_cortexa9_0/lib\libucos.a(lib_mem.o)
d:/xilinx/sdk/2017.1/gnu/aarch32/nt/gcc-arm-none-eabi/bin/../lib/gcc/arm-none-eabi/6.2.1/../../../../arm-none-eabi/bin/ld.exe: error: ucos_dma.elf uses VFP register arguments, ../../ucos_dma_bsp/ps7_cortexa9_0/lib\libucos.a(kal.o) does not
d:/xilinx/sdk/2017.1/gnu/aarch32/nt/gcc-arm-none-eabi/bin/../lib/gcc/arm-none-eabi/6.2.1/../../../../arm-none-eabi/bin/ld.exe: failed to merge target specific data of file ../../ucos_dma_bsp/ps7_cortexa9_0/lib\libucos.a(kal.o)
d:/xilinx/sdk/2017.1/gnu/aarch32/nt/gcc-arm-none-eabi/bin/../lib/gcc/arm-none-eabi/6.2.1/../../../../arm-none-eabi/bin/ld.exe: error: ucos_dma.elf uses VFP register arguments, ../../ucos_dma_bsp/ps7_cortexa9_0/lib\libucos.a(cpu_cache_armv7_generic_l1_l2c310_l2.o) does not
d:/xilinx/sdk/2017.1/gnu/aarch32/nt/gcc-arm-none-eabi/bin/../lib/gcc/arm-none-eabi/6.2.1/../../../../arm-none-eabi/bin/ld.exe: failed to merge target specific data of file ../../ucos_dma_bsp/ps7_cortexa9_0/lib\libucos.a(cpu_cache_armv7_generic_l1_l2c310_l2.o)
d:/xilinx/sdk/2017.1/gnu/aarch32/nt/gcc-arm-none-eabi/bin/../lib/gcc/arm-none-eabi/6.2.1/../../../../arm-none-eabi/bin/ld.exe: error: ucos_dma.elf uses VFP register arguments, ../../ucos_dma_bsp/ps7_cortexa9_0/lib\libucos.a(cpu_bsp.o) does not
d:/xilinx/sdk/2017.1/gnu/aarch32/nt/gcc-arm-none-eabi/bin/../lib/gcc/arm-none-eabi/6.2.1/../../../../arm-none-eabi/bin/ld.exe: failed to merge target specific data of file ../../ucos_dma_bsp/ps7_cortexa9_0/lib\libucos.a(cpu_bsp.o)
d:/xilinx/sdk/2017.1/gnu/aarch32/nt/gcc-arm-none-eabi/bin/../lib/gcc/arm-none-eabi/6.2.1/../../../../arm-none-eabi/bin/ld.exe: error: ucos_dma.elf uses VFP register arguments, ../../ucos_dma_bsp/ps7_cortexa9_0/lib\libucos.a(ucos_l2cachec.o) does not
d:/xilinx/sdk/2017.1/gnu/aarch32/nt/gcc-arm-none-eabi/bin/../lib/gcc/arm-none-eabi/6.2.1/../../../../arm-none-eabi/bin/ld.exe: failed to merge target specific data of file ../../ucos_dma_bsp/ps7_cortexa9_0/lib\libucos.a(ucos_l2cachec.o)
d:/xilinx/sdk/2017.1/gnu/aarch32/nt/gcc-arm-none-eabi/bin/../lib/gcc/arm-none-eabi/6.2.1/../../../../arm-none-eabi/bin/ld.exe: error: ucos_dma.elf uses VFP register arguments, ../../ucos_dma_bsp/ps7_cortexa9_0/lib\libucos.a(os_cfg_app.o) does not
d:/xilinx/sdk/2017.1/gnu/aarch32/nt/gcc-arm-none-eabi/bin/../lib/gcc/arm-none-eabi/6.2.1/../../../../arm-none-eabi/bin/ld.exe: failed to merge target specific data of file ../../ucos_dma_bsp/ps7_cortexa9_0/lib\libucos.a(os_cfg_app.o)
d:/xilinx/sdk/2017.1/gnu/aarch32/nt/gcc-arm-none-eabi/bin/../lib/gcc/arm-none-eabi/6.2.1/../../../../arm-none-eabi/bin/ld.exe: error: ucos_dma.elf uses VFP register arguments, ../../ucos_dma_bsp/ps7_cortexa9_0/lib\libucos.a(os_core.o) does not
d:/xilinx/sdk/2017.1/gnu/aarch32/nt/gcc-arm-none-eabi/bin/../lib/gcc/arm-none-eabi/6.2.1/../../../../arm-none-eabi/bin/ld.exe: failed to merge target specific data of file ../../ucos_dma_bsp/ps7_cortexa9_0/lib\libucos.a(os_core.o)
d:/xilinx/sdk/2017.1/gnu/aarch32/nt/gcc-arm-none-eabi/bin/../lib/gcc/arm-none-eabi/6.2.1/../../../../arm-none-eabi/bin/ld.exe: error: ucos_dma.elf uses VFP register arguments, ../../ucos_dma_bsp/ps7_cortexa9_0/lib\libucos.a(os_dbg.o) does not
d:/xilinx/sdk/2017.1/gnu/aarch32/nt/gcc-arm-none-eabi/bin/../lib/gcc/arm-none-eabi/6.2.1/../../../../arm-none-eabi/bin/ld.exe: failed to merge target specific data of file ../../ucos_dma_bsp/ps7_cortexa9_0/lib\libucos.a(os_dbg.o)
d:/xilinx/sdk/2017.1/gnu/aarch32/nt/gcc-arm-none-eabi/bin/../lib/gcc/arm-none-eabi/6.2.1/../../../../arm-none-eabi/bin/ld.exe: error: ucos_dma.elf uses VFP register arguments, ../../ucos_dma_bsp/ps7_cortexa9_0/lib\libucos.a(os_mem.o) does not
d:/xilinx/sdk/2017.1/gnu/aarch32/nt/gcc-arm-none-eabi/bin/../lib/gcc/arm-none-eabi/6.2.1/../../../../arm-none-eabi/bin/ld.exe: failed to merge target specific data of file ../../ucos_dma_bsp/ps7_cortexa9_0/lib\libucos.a(os_mem.o)
d:/xilinx/sdk/2017.1/gnu/aarch32/nt/gcc-arm-none-eabi/bin/../lib/gcc/arm-none-eabi/6.2.1/../../../../arm-none-eabi/bin/ld.exe: error: ucos_dma.elf uses VFP register arguments, ../../ucos_dma_bsp/ps7_cortexa9_0/lib\libucos.a(os_msg.o) does not
d:/xilinx/sdk/2017.1/gnu/aarch32/nt/gcc-arm-none-eabi/bin/../lib/gcc/arm-none-eabi/6.2.1/../../../../arm-none-eabi/bin/ld.exe: failed to merge target specific data of file ../../ucos_dma_bsp/ps7_cortexa9_0/lib\libucos.a(os_msg.o)
d:/xilinx/sdk/2017.1/gnu/aarch32/nt/gcc-arm-none-eabi/bin/../lib/gcc/arm-none-eabi/6.2.1/../../../../arm-none-eabi/bin/ld.exe: error: ucos_dma.elf uses VFP register arguments, ../../ucos_dma_bsp/ps7_cortexa9_0/lib\libucos.a(os_mutex.o) does not
d:/xilinx/sdk/2017.1/gnu/aarch32/nt/gcc-arm-none-eabi/bin/../lib/gcc/arm-none-eabi/6.2.1/../../../../arm-none-eabi/bin/ld.exe: failed to merge target specific data of file ../../ucos_dma_bsp/ps7_cortexa9_0/lib\libucos.a(os_mutex.o)
d:/xilinx/sdk/2017.1/gnu/aarch32/nt/gcc-arm-none-eabi/bin/../lib/gcc/arm-none-eabi/6.2.1/../../../../arm-none-eabi/bin/ld.exe: error: ucos_dma.elf uses VFP register arguments, ../../ucos_dma_bsp/ps7_cortexa9_0/lib\libucos.a(os_prio.o) does not
d:/xilinx/sdk/2017.1/gnu/aarch32/nt/gcc-arm-none-eabi/bin/../lib/gcc/arm-none-eabi/6.2.1/../../../../arm-none-eabi/bin/ld.exe: failed to merge target specific data of file ../../ucos_dma_bsp/ps7_cortexa9_0/lib\libucos.a(os_prio.o)
d:/xilinx/sdk/2017.1/gnu/aarch32/nt/gcc-arm-none-eabi/bin/../lib/gcc/arm-none-eabi/6.2.1/../../../../arm-none-eabi/bin/ld.exe: error: ucos_dma.elf uses VFP register arguments, ../../ucos_dma_bsp/ps7_cortexa9_0/lib\libucos.a(os_q.o) does not
d:/xilinx/sdk/2017.1/gnu/aarch32/nt/gcc-arm-none-eabi/bin/../lib/gcc/arm-none-eabi/6.2.1/../../../../arm-none-eabi/bin/ld.exe: failed to merge target specific data of file ../../ucos_dma_bsp/ps7_cortexa9_0/lib\libucos.a(os_q.o)
d:/xilinx/sdk/2017.1/gnu/aarch32/nt/gcc-arm-none-eabi/bin/../lib/gcc/arm-none-eabi/6.2.1/../../../../arm-none-eabi/bin/ld.exe: error: ucos_dma.elf uses VFP register arguments, ../../ucos_dma_bsp/ps7_cortexa9_0/lib\libucos.a(os_sem.o) does not
d:/xilinx/sdk/2017.1/gnu/aarch32/nt/gcc-arm-none-eabi/bin/../lib/gcc/arm-none-eabi/6.2.1/../../../../arm-none-eabi/bin/ld.exe: failed to merge target specific data of file ../../ucos_dma_bsp/ps7_cortexa9_0/lib\libucos.a(os_sem.o)
d:/xilinx/sdk/2017.1/gnu/aarch32/nt/gcc-arm-none-eabi/bin/../lib/gcc/arm-none-eabi/6.2.1/../../../../arm-none-eabi/bin/ld.exe: error: ucos_dma.elf uses VFP register arguments, ../../ucos_dma_bsp/ps7_cortexa9_0/lib\libucos.a(os_task.o) does not
d:/xilinx/sdk/2017.1/gnu/aarch32/nt/gcc-arm-none-eabi/bin/../lib/gcc/arm-none-eabi/6.2.1/../../../../arm-none-eabi/bin/ld.exe: failed to merge target specific data of file ../../ucos_dma_bsp/ps7_cortexa9_0/lib\libucos.a(os_task.o)
d:/xilinx/sdk/2017.1/gnu/aarch32/nt/gcc-arm-none-eabi/bin/../lib/gcc/arm-none-eabi/6.2.1/../../../../arm-none-eabi/bin/ld.exe: error: ucos_dma.elf uses VFP register arguments, ../../ucos_dma_bsp/ps7_cortexa9_0/lib\libucos.a(os_tick.o) does not
d:/xilinx/sdk/2017.1/gnu/aarch32/nt/gcc-arm-none-eabi/bin/../lib/gcc/arm-none-eabi/6.2.1/../../../../arm-none-eabi/bin/ld.exe: failed to merge target specific data of file ../../ucos_dma_bsp/ps7_cortexa9_0/lib\libucos.a(os_tick.o)
d:/xilinx/sdk/2017.1/gnu/aarch32/nt/gcc-arm-none-eabi/bin/../lib/gcc/arm-none-eabi/6.2.1/../../../../arm-none-eabi/bin/ld.exe: error: ucos_dma.elf uses VFP register arguments, ../../ucos_dma_bsp/ps7_cortexa9_0/lib\libucos.a(os_tmr.o) does not
d:/xilinx/sdk/2017.1/gnu/aarch32/nt/gcc-arm-none-eabi/bin/../lib/gcc/arm-none-eabi/6.2.1/../../../../arm-none-eabi/bin/ld.exe: failed to merge target specific data of file ../../ucos_dma_bsp/ps7_cortexa9_0/lib\libucos.a(os_tmr.o)
d:/xilinx/sdk/2017.1/gnu/aarch32/nt/gcc-arm-none-eabi/bin/../lib/gcc/arm-none-eabi/6.2.1/../../../../arm-none-eabi/bin/ld.exe: error: ucos_dma.elf uses VFP register arguments, ../../ucos_dma_bsp/ps7_cortexa9_0/lib\libucos.a(ucos_osiii_bsp.o) does not
d:/xilinx/sdk/2017.1/gnu/aarch32/nt/gcc-arm-none-eabi/bin/../lib/gcc/arm-none-eabi/6.2.1/../../../../arm-none-eabi/bin/ld.exe: failed to merge target specific data of file ../../ucos_dma_bsp/ps7_cortexa9_0/lib\libucos.a(ucos_osiii_bsp.o)
d:/xilinx/sdk/2017.1/gnu/aarch32/nt/gcc-arm-none-eabi/bin/../lib/gcc/arm-none-eabi/6.2.1/../../../../arm-none-eabi/bin/ld.exe: error: ucos_dma.elf uses VFP register arguments, ../../ucos_dma_bsp/ps7_cortexa9_0/lib\libucos.a(ucos_scuc.o) does not
d:/xilinx/sdk/2017.1/gnu/aarch32/nt/gcc-arm-none-eabi/bin/../lib/gcc/arm-none-eabi/6.2.1/../../../../arm-none-eabi/bin/ld.exe: failed to merge target specific data of file ../../ucos_dma_bsp/ps7_cortexa9_0/lib\libucos.a(ucos_scuc.o)
d:/xilinx/sdk/2017.1/gnu/aarch32/nt/gcc-arm-none-eabi/bin/../lib/gcc/arm-none-eabi/6.2.1/../../../../arm-none-eabi/bin/ld.exe: error: ucos_dma.elf uses VFP register arguments, ../../ucos_dma_bsp/ps7_cortexa9_0/lib\libucos.a(ucos_scugic.o) does not
d:/xilinx/sdk/2017.1/gnu/aarch32/nt/gcc-arm-none-eabi/bin/../lib/gcc/arm-none-eabi/6.2.1/../../../../arm-none-eabi/bin/ld.exe: failed to merge target specific data of file ../../ucos_dma_bsp/ps7_cortexa9_0/lib\libucos.a(ucos_scugic.o)
collect2.exe: error: ld returned 1 exit status
make: *** [ucos_dma.elf] Erreur 1
15:17:06 **** Build of project ucos_dma_bsp ****
make -k all 
"Running Make include in ps7_cortexa9_0/libsrc/axidma_v9_3/src"
make -C ps7_cortexa9_0/libsrc/axidma_v9_3/src -s include  "SHELL=CMD" "COMPILER=arm-none-eabi-gcc" "ARCHIVER=arm-none-eabi-ar" "COMPILER_FLAGS=  -O2 -c" "EXTRA_COMPILER_FLAGS=-g -mcpu=cortex-a9 -mfpu=vfpv3 -mfloat-abi=hard"
"Running Make include in ps7_cortexa9_0/libsrc/coresightps_dcc_v1_4/src"
make -C ps7_cortexa9_0/libsrc/coresightps_dcc_v1_4/src -s include  "SHELL=CMD" "COMPILER=arm-none-eabi-gcc" "ARCHIVER=arm-none-eabi-ar" "COMPILER_FLAGS=  -O2 -c" "EXTRA_COMPILER_FLAGS=-g -mcpu=cortex-a9 -mfpu=vfpv3 -mfloat-abi=hard"
"Running Make include in ps7_cortexa9_0/libsrc/ddrps_v1_0/src"
make -C ps7_cortexa9_0/libsrc/ddrps_v1_0/src -s include  "SHELL=CMD" "COMPILER=arm-none-eabi-gcc" "ARCHIVER=arm-none-eabi-ar" "COMPILER_FLAGS=  -O2 -c" "EXTRA_COMPILER_FLAGS=-g -mcpu=cortex-a9 -mfpu=vfpv3 -mfloat-abi=hard"
"Running Make include in ps7_cortexa9_0/libsrc/devcfg_v3_4/src"
make -C ps7_cortexa9_0/libsrc/devcfg_v3_4/src -s include  "SHELL=CMD" "COMPILER=arm-none-eabi-gcc" "ARCHIVER=arm-none-eabi-ar" "COMPILER_FLAGS=  -O2 -c" "EXTRA_COMPILER_FLAGS=-g -mcpu=cortex-a9 -mfpu=vfpv3 -mfloat-abi=hard"
"Running Make include in ps7_cortexa9_0/libsrc/dmaps_v2_3/src"
make -C ps7_cortexa9_0/libsrc/dmaps_v2_3/src -s include  "SHELL=CMD" "COMPILER=arm-none-eabi-gcc" "ARCHIVER=arm-none-eabi-ar" "COMPILER_FLAGS=  -O2 -c" "EXTRA_COMPILER_FLAGS=-g -mcpu=cortex-a9 -mfpu=vfpv3 -mfloat-abi=hard"
"Running Make include in ps7_cortexa9_0/libsrc/gpiops_v3_2/src"
make -C ps7_cortexa9_0/libsrc/gpiops_v3_2/src -s include  "SHELL=CMD" "COMPILER=arm-none-eabi-gcc" "ARCHIVER=arm-none-eabi-ar" "COMPILER_FLAGS=  -O2 -c" "EXTRA_COMPILER_FLAGS=-g -mcpu=cortex-a9 -mfpu=vfpv3 -mfloat-abi=hard"
"Running Make include in ps7_cortexa9_0/libsrc/qspips_v3_3/src"
make -C ps7_cortexa9_0/libsrc/qspips_v3_3/src -s include  "SHELL=CMD" "COMPILER=arm-none-eabi-gcc" "ARCHIVER=arm-none-eabi-ar" "COMPILER_FLAGS=  -O2 -c" "EXTRA_COMPILER_FLAGS=-g -mcpu=cortex-a9 -mfpu=vfpv3 -mfloat-abi=hard"
"Running Make include in ps7_cortexa9_0/libsrc/scuwdt_v2_1/src"
make -C ps7_cortexa9_0/libsrc/scuwdt_v2_1/src -s include  "SHELL=CMD" "COMPILER=arm-none-eabi-gcc" "ARCHIVER=arm-none-eabi-ar" "COMPILER_FLAGS=  -O2 -c" "EXTRA_COMPILER_FLAGS=-g -mcpu=cortex-a9 -mfpu=vfpv3 -mfloat-abi=hard"
"Running Make include in ps7_cortexa9_0/libsrc/ucos_common_v1_43/src"
make -C ps7_cortexa9_0/libsrc/ucos_common_v1_43/src -s include  "SHELL=CMD" "COMPILER=arm-none-eabi-gcc" "ARCHIVER=arm-none-eabi-ar" "COMPILER_FLAGS=  -O2 -c" "EXTRA_COMPILER_FLAGS=-g -mcpu=cortex-a9 -mfpu=vfpv3 -mfloat-abi=hard"
"Running Make include in ps7_cortexa9_0/libsrc/ucos_cpu_cortexa9_v1_43/src"
make -C ps7_cortexa9_0/libsrc/ucos_cpu_cortexa9_v1_43/src -s include  "SHELL=CMD" "COMPILER=arm-none-eabi-gcc" "ARCHIVER=arm-none-eabi-ar" "COMPILER_FLAGS=  -O2 -c" "EXTRA_COMPILER_FLAGS=-g -mcpu=cortex-a9 -mfpu=vfpv3 -mfloat-abi=hard"
"Running Make include in ps7_cortexa9_0/libsrc/ucos_emacps_v1_43/src"
make -C ps7_cortexa9_0/libsrc/ucos_emacps_v1_43/src -s include  "SHELL=CMD" "COMPILER=arm-none-eabi-gcc" "ARCHIVER=arm-none-eabi-ar" "COMPILER_FLAGS=  -O2 -c" "EXTRA_COMPILER_FLAGS=-g -mcpu=cortex-a9 -mfpu=vfpv3 -mfloat-abi=hard"
"Running Make include in ps7_cortexa9_0/libsrc/ucos_l2cachec_v1_43/src"
make -C ps7_cortexa9_0/libsrc/ucos_l2cachec_v1_43/src -s include  "SHELL=CMD" "COMPILER=arm-none-eabi-gcc" "ARCHIVER=arm-none-eabi-ar" "COMPILER_FLAGS=  -O2 -c" "EXTRA_COMPILER_FLAGS=-g -mcpu=cortex-a9 -mfpu=vfpv3 -mfloat-abi=hard"
"Running Make include in ps7_cortexa9_0/libsrc/ucos_osii_v1_43/src"
make -C ps7_cortexa9_0/libsrc/ucos_osii_v1_43/src -s include  "SHELL=CMD" "COMPILER=arm-none-eabi-gcc" "ARCHIVER=arm-none-eabi-ar" "COMPILER_FLAGS=  -O2 -c" "EXTRA_COMPILER_FLAGS=-g -mcpu=cortex-a9 -mfpu=vfpv3 -mfloat-abi=hard"
"Running Make include in ps7_cortexa9_0/libsrc/ucos_scuc_v1_43/src"
make -C ps7_cortexa9_0/libsrc/ucos_scuc_v1_43/src -s include  "SHELL=CMD" "COMPILER=arm-none-eabi-gcc" "ARCHIVER=arm-none-eabi-ar" "COMPILER_FLAGS=  -O2 -c" "EXTRA_COMPILER_FLAGS=-g -mcpu=cortex-a9 -mfpu=vfpv3 -mfloat-abi=hard"
"Running Make include in ps7_cortexa9_0/libsrc/ucos_scugic_v1_43/src"
make -C ps7_cortexa9_0/libsrc/ucos_scugic_v1_43/src -s include  "SHELL=CMD" "COMPILER=arm-none-eabi-gcc" "ARCHIVER=arm-none-eabi-ar" "COMPILER_FLAGS=  -O2 -c" "EXTRA_COMPILER_FLAGS=-g -mcpu=cortex-a9 -mfpu=vfpv3 -mfloat-abi=hard"
"Running Make include in ps7_cortexa9_0/libsrc/ucos_scutimer_v1_43/src"
make -C ps7_cortexa9_0/libsrc/ucos_scutimer_v1_43/src -s include  "SHELL=CMD" "COMPILER=arm-none-eabi-gcc" "ARCHIVER=arm-none-eabi-ar" "COMPILER_FLAGS=  -O2 -c" "EXTRA_COMPILER_FLAGS=-g -mcpu=cortex-a9 -mfpu=vfpv3 -mfloat-abi=hard"
"Running Make include in ps7_cortexa9_0/libsrc/ucos_standalone_v1_43/src"
make -C ps7_cortexa9_0/libsrc/ucos_standalone_v1_43/src -s include  "SHELL=CMD" "COMPILER=arm-none-eabi-gcc" "ARCHIVER=arm-none-eabi-ar" "COMPILER_FLAGS=  -O2 -c" "EXTRA_COMPILER_FLAGS=-g -mcpu=cortex-a9 -mfpu=vfpv3 -mfloat-abi=hard"
"Running Make include in ps7_cortexa9_0/libsrc/ucos_ttcps_v1_43/src"
make -C ps7_cortexa9_0/libsrc/ucos_ttcps_v1_43/src -s include  "SHELL=CMD" "COMPILER=arm-none-eabi-gcc" "ARCHIVER=arm-none-eabi-ar" "COMPILER_FLAGS=  -O2 -c" "EXTRA_COMPILER_FLAGS=-g -mcpu=cortex-a9 -mfpu=vfpv3 -mfloat-abi=hard"
"Running Make include in ps7_cortexa9_0/libsrc/ucos_uartps_v1_43/src"
make -C ps7_cortexa9_0/libsrc/ucos_uartps_v1_43/src -s include  "SHELL=CMD" "COMPILER=arm-none-eabi-gcc" "ARCHIVER=arm-none-eabi-ar" "COMPILER_FLAGS=  -O2 -c" "EXTRA_COMPILER_FLAGS=-g -mcpu=cortex-a9 -mfpu=vfpv3 -mfloat-abi=hard"
"Running Make include in ps7_cortexa9_0/libsrc/ucos_usbps_v1_43/src"
make -C ps7_cortexa9_0/libsrc/ucos_usbps_v1_43/src -s include  "SHELL=CMD" "COMPILER=arm-none-eabi-gcc" "ARCHIVER=arm-none-eabi-ar" "COMPILER_FLAGS=  -O2 -c" "EXTRA_COMPILER_FLAGS=-g -mcpu=cortex-a9 -mfpu=vfpv3 -mfloat-abi=hard"
"Running Make include in ps7_cortexa9_0/libsrc/ucos_v1_43/src"
make -C ps7_cortexa9_0/libsrc/ucos_v1_43/src -s include  "SHELL=CMD" "COMPILER=arm-none-eabi-gcc" "ARCHIVER=arm-none-eabi-ar" "COMPILER_FLAGS=  -O2 -c" "EXTRA_COMPILER_FLAGS=-g -mcpu=cortex-a9 -mfpu=vfpv3 -mfloat-abi=hard"
"Running Make include in ps7_cortexa9_0/libsrc/xadcps_v2_2/src"
make -C ps7_cortexa9_0/libsrc/xadcps_v2_2/src -s include  "SHELL=CMD" "COMPILER=arm-none-eabi-gcc" "ARCHIVER=arm-none-eabi-ar" "COMPILER_FLAGS=  -O2 -c" "EXTRA_COMPILER_FLAGS=-g -mcpu=cortex-a9 -mfpu=vfpv3 -mfloat-abi=hard"
"Running Make libs in ps7_cortexa9_0/libsrc/axidma_v9_3/src"
make -C ps7_cortexa9_0/libsrc/axidma_v9_3/src -s libs  "SHELL=CMD" "COMPILER=arm-none-eabi-gcc" "ARCHIVER=arm-none-eabi-ar" "COMPILER_FLAGS=  -O2 -c" "EXTRA_COMPILER_FLAGS=-g -mcpu=cortex-a9 -mfpu=vfpv3 -mfloat-abi=hard"
"Compiling axidma"
arm-none-eabi-ar: creating ../../../lib/libxil.a
"Running Make libs in ps7_cortexa9_0/libsrc/coresightps_dcc_v1_4/src"
make -C ps7_cortexa9_0/libsrc/coresightps_dcc_v1_4/src -s libs  "SHELL=CMD" "COMPILER=arm-none-eabi-gcc" "ARCHIVER=arm-none-eabi-ar" "COMPILER_FLAGS=  -O2 -c" "EXTRA_COMPILER_FLAGS=-g -mcpu=cortex-a9 -mfpu=vfpv3 -mfloat-abi=hard"
"Compiling coresightps_dcc"
"Running Make libs in ps7_cortexa9_0/libsrc/ddrps_v1_0/src"
make -C ps7_cortexa9_0/libsrc/ddrps_v1_0/src -s libs  "SHELL=CMD" "COMPILER=arm-none-eabi-gcc" "ARCHIVER=arm-none-eabi-ar" "COMPILER_FLAGS=  -O2 -c" "EXTRA_COMPILER_FLAGS=-g -mcpu=cortex-a9 -mfpu=vfpv3 -mfloat-abi=hard"
"Compiling ddrps"
"Running Make libs in ps7_cortexa9_0/libsrc/devcfg_v3_4/src"
make -C ps7_cortexa9_0/libsrc/devcfg_v3_4/src -s libs  "SHELL=CMD" "COMPILER=arm-none-eabi-gcc" "ARCHIVER=arm-none-eabi-ar" "COMPILER_FLAGS=  -O2 -c" "EXTRA_COMPILER_FLAGS=-g -mcpu=cortex-a9 -mfpu=vfpv3 -mfloat-abi=hard"
"Compiling devcfg"
"Running Make libs in ps7_cortexa9_0/libsrc/dmaps_v2_3/src"
make -C ps7_cortexa9_0/libsrc/dmaps_v2_3/src -s libs  "SHELL=CMD" "COMPILER=arm-none-eabi-gcc" "ARCHIVER=arm-none-eabi-ar" "COMPILER_FLAGS=  -O2 -c" "EXTRA_COMPILER_FLAGS=-g -mcpu=cortex-a9 -mfpu=vfpv3 -mfloat-abi=hard"
"Compiling dmaps"
"Running Make libs in ps7_cortexa9_0/libsrc/gpiops_v3_2/src"
make -C ps7_cortexa9_0/libsrc/gpiops_v3_2/src -s libs  "SHELL=CMD" "COMPILER=arm-none-eabi-gcc" "ARCHIVER=arm-none-eabi-ar" "COMPILER_FLAGS=  -O2 -c" "EXTRA_COMPILER_FLAGS=-g -mcpu=cortex-a9 -mfpu=vfpv3 -mfloat-abi=hard"
"Compiling gpiops"
"Running Make libs in ps7_cortexa9_0/libsrc/qspips_v3_3/src"
make -C ps7_cortexa9_0/libsrc/qspips_v3_3/src -s libs  "SHELL=CMD" "COMPILER=arm-none-eabi-gcc" "ARCHIVER=arm-none-eabi-ar" "COMPILER_FLAGS=  -O2 -c" "EXTRA_COMPILER_FLAGS=-g -mcpu=cortex-a9 -mfpu=vfpv3 -mfloat-abi=hard"
"Compiling qspips"
"Running Make libs in ps7_cortexa9_0/libsrc/scuwdt_v2_1/src"
make -C ps7_cortexa9_0/libsrc/scuwdt_v2_1/src -s libs  "SHELL=CMD" "COMPILER=arm-none-eabi-gcc" "ARCHIVER=arm-none-eabi-ar" "COMPILER_FLAGS=  -O2 -c" "EXTRA_COMPILER_FLAGS=-g -mcpu=cortex-a9 -mfpu=vfpv3 -mfloat-abi=hard"
"Compiling scuwdt"
"Running Make libs in ps7_cortexa9_0/libsrc/ucos_common_v1_43/src"
make -C ps7_cortexa9_0/libsrc/ucos_common_v1_43/src -s libs  "SHELL=CMD" "COMPILER=arm-none-eabi-gcc" "ARCHIVER=arm-none-eabi-ar" "COMPILER_FLAGS=  -O2 -c" "EXTRA_COMPILER_FLAGS=-g -mcpu=cortex-a9 -mfpu=vfpv3 -mfloat-abi=hard"
"Compiling uC/OS Common Components"
d:\xilinx\sdk\2017.1\gnu\aarch32\nt\gcc-arm-none-eabi\bin\../lib/gcc/arm-none-eabi/6.2.1/../../../../arm-none-eabi/bin/ar.exe: creating ../../../lib/libucos.a
"Running Make libs in ps7_cortexa9_0/libsrc/ucos_cpu_cortexa9_v1_43/src"
make -C ps7_cortexa9_0/libsrc/ucos_cpu_cortexa9_v1_43/src -s libs  "SHELL=CMD" "COMPILER=arm-none-eabi-gcc" "ARCHIVER=arm-none-eabi-ar" "COMPILER_FLAGS=  -O2 -c" "EXTRA_COMPILER_FLAGS=-g -mcpu=cortex-a9 -mfpu=vfpv3 -mfloat-abi=hard"
"Compiling ucos_cpu_cortexa9"
"Running Make libs in ps7_cortexa9_0/libsrc/ucos_emacps_v1_43/src"
make -C ps7_cortexa9_0/libsrc/ucos_emacps_v1_43/src -s libs  "SHELL=CMD" "COMPILER=arm-none-eabi-gcc" "ARCHIVER=arm-none-eabi-ar" "COMPILER_FLAGS=  -O2 -c" "EXTRA_COMPILER_FLAGS=-g -mcpu=cortex-a9 -mfpu=vfpv3 -mfloat-abi=hard"
"Compiling ucos_usbps"
"Running Make libs in ps7_cortexa9_0/libsrc/ucos_l2cachec_v1_43/src"
make -C ps7_cortexa9_0/libsrc/ucos_l2cachec_v1_43/src -s libs  "SHELL=CMD" "COMPILER=arm-none-eabi-gcc" "ARCHIVER=arm-none-eabi-ar" "COMPILER_FLAGS=  -O2 -c" "EXTRA_COMPILER_FLAGS=-g -mcpu=cortex-a9 -mfpu=vfpv3 -mfloat-abi=hard"
"Compiling ucos_scuc"
"Running Make libs in ps7_cortexa9_0/libsrc/ucos_osii_v1_43/src"
make -C ps7_cortexa9_0/libsrc/ucos_osii_v1_43/src -s libs  "SHELL=CMD" "COMPILER=arm-none-eabi-gcc" "ARCHIVER=arm-none-eabi-ar" "COMPILER_FLAGS=  -O2 -c" "EXTRA_COMPILER_FLAGS=-g -mcpu=cortex-a9 -mfpu=vfpv3 -mfloat-abi=hard"
"Compiling uC/OS-II"
"Running Make libs in ps7_cortexa9_0/libsrc/ucos_scuc_v1_43/src"
make -C ps7_cortexa9_0/libsrc/ucos_scuc_v1_43/src -s libs  "SHELL=CMD" "COMPILER=arm-none-eabi-gcc" "ARCHIVER=arm-none-eabi-ar" "COMPILER_FLAGS=  -O2 -c" "EXTRA_COMPILER_FLAGS=-g -mcpu=cortex-a9 -mfpu=vfpv3 -mfloat-abi=hard"
"Compiling ucos_l2cachec"
"Running Make libs in ps7_cortexa9_0/libsrc/ucos_scugic_v1_43/src"
make -C ps7_cortexa9_0/libsrc/ucos_scugic_v1_43/src -s libs  "SHELL=CMD" "COMPILER=arm-none-eabi-gcc" "ARCHIVER=arm-none-eabi-ar" "COMPILER_FLAGS=  -O2 -c" "EXTRA_COMPILER_FLAGS=-g -mcpu=cortex-a9 -mfpu=vfpv3 -mfloat-abi=hard"
"Compiling scugic"
"Running Make libs in ps7_cortexa9_0/libsrc/ucos_scutimer_v1_43/src"
make -C ps7_cortexa9_0/libsrc/ucos_scutimer_v1_43/src -s libs  "SHELL=CMD" "COMPILER=arm-none-eabi-gcc" "ARCHIVER=arm-none-eabi-ar" "COMPILER_FLAGS=  -O2 -c" "EXTRA_COMPILER_FLAGS=-g -mcpu=cortex-a9 -mfpu=vfpv3 -mfloat-abi=hard"
"Compiling scutimer"
"Running Make libs in ps7_cortexa9_0/libsrc/ucos_standalone_v1_43/src"
make -C ps7_cortexa9_0/libsrc/ucos_standalone_v1_43/src -s libs  "SHELL=CMD" "COMPILER=arm-none-eabi-gcc" "ARCHIVER=arm-none-eabi-ar" "COMPILER_FLAGS=  -O2 -c" "EXTRA_COMPILER_FLAGS=-g -mcpu=cortex-a9 -mfpu=vfpv3 -mfloat-abi=hard"
"Compiling standalone"
"Running Make libs in ps7_cortexa9_0/libsrc/ucos_ttcps_v1_43/src"
make -C ps7_cortexa9_0/libsrc/ucos_ttcps_v1_43/src -s libs  "SHELL=CMD" "COMPILER=arm-none-eabi-gcc" "ARCHIVER=arm-none-eabi-ar" "COMPILER_FLAGS=  -O2 -c" "EXTRA_COMPILER_FLAGS=-g -mcpu=cortex-a9 -mfpu=vfpv3 -mfloat-abi=hard"
"Compiling ucos_ttcps"
"Running Make libs in ps7_cortexa9_0/libsrc/ucos_uartps_v1_43/src"
make -C ps7_cortexa9_0/libsrc/ucos_uartps_v1_43/src -s libs  "SHELL=CMD" "COMPILER=arm-none-eabi-gcc" "ARCHIVER=arm-none-eabi-ar" "COMPILER_FLAGS=  -O2 -c" "EXTRA_COMPILER_FLAGS=-g -mcpu=cortex-a9 -mfpu=vfpv3 -mfloat-abi=hard"
"Compiling ucos_emacps"
"Running Make libs in ps7_cortexa9_0/libsrc/ucos_usbps_v1_43/src"
make -C ps7_cortexa9_0/libsrc/ucos_usbps_v1_43/src -s libs  "SHELL=CMD" "COMPILER=arm-none-eabi-gcc" "ARCHIVER=arm-none-eabi-ar" "COMPILER_FLAGS=  -O2 -c" "EXTRA_COMPILER_FLAGS=-g -mcpu=cortex-a9 -mfpu=vfpv3 -mfloat-abi=hard"
"Compiling ucos_usbps"
"Running Make libs in ps7_cortexa9_0/libsrc/ucos_v1_43/src"
make -C ps7_cortexa9_0/libsrc/ucos_v1_43/src -s libs  "SHELL=CMD" "COMPILER=arm-none-eabi-gcc" "ARCHIVER=arm-none-eabi-ar" "COMPILER_FLAGS=  -O2 -c" "EXTRA_COMPILER_FLAGS=-g -mcpu=cortex-a9 -mfpu=vfpv3 -mfloat-abi=hard"
"Compiling uC/OS"
"Running Make libs in ps7_cortexa9_0/libsrc/xadcps_v2_2/src"
make -C ps7_cortexa9_0/libsrc/xadcps_v2_2/src -s libs  "SHELL=CMD" "COMPILER=arm-none-eabi-gcc" "ARCHIVER=arm-none-eabi-ar" "COMPILER_FLAGS=  -O2 -c" "EXTRA_COMPILER_FLAGS=-g -mcpu=cortex-a9 -mfpu=vfpv3 -mfloat-abi=hard"
"Compiling xadcps"
'Finished building libraries'
15:17:55 **** Build of configuration Debug for project ucos_dma ****
make pre-build main-build 
a9-linaro-pre-build-step
' '
'Building file: ../src/app.c'
'Invoking: ARM v7 gcc compiler'
arm-none-eabi-gcc -Wall -O0 -g3 -c -fmessage-length=0 -MT"src/app.o" -mcpu=cortex-a9 -mfpu=vfpv3 -mfloat-abi=hard -I../../ucos_dma_bsp/ps7_cortexa9_0/include -MMD -MP -MF"src/app.d" -MT"src/app.o" -o "src/app.o" "../src/app.c"
'Finished building: ../src/app.c'
' '
'Building target: ucos_dma.elf'
'Invoking: ARM v7 gcc linker'
arm-none-eabi-gcc -mcpu=cortex-a9 -mfpu=vfpv3 -mfloat-abi=hard -Wl,-build-id=none -specs=Xilinx.spec -Wl,-T -Wl,../src/lscript.ld -L../../ucos_dma_bsp/ps7_cortexa9_0/lib -o "ucos_dma.elf"  ./src/app.o   -Wl,--start-group,-lucos,-lgcc,-lc,--end-group -Wl,--start-group,-lxil,-lucos,-lgcc,-lc,--end-group
'Finished building target: ucos_dma.elf'
' '
'Invoking: ARM v7 Print Size'
arm-none-eabi-size ucos_dma.elf  |tee "ucos_dma.elf.size"
   text	   data	    bss	    dec	    hex	filename
  51132	     20	  42384	  93536	  16d60	ucos_dma.elf
'Finished building: ucos_dma.elf.size'
' '
15:18:32 **** Incremental Build of configuration Debug for project ucos_dma ****
make pre-build main-build 
a9-linaro-pre-build-step
' '
make: Rien à faire pour « main-build ».
15:19:30 **** Auto Build of project ucos_dma_bsp ****
make -k all 
"Running Make include in ps7_cortexa9_0/libsrc/axidma_v9_3/src"
make -C ps7_cortexa9_0/libsrc/axidma_v9_3/src -s include  "SHELL=CMD" "COMPILER=arm-none-eabi-gcc" "ARCHIVER=arm-none-eabi-ar" "COMPILER_FLAGS=  -O2 -c" "EXTRA_COMPILER_FLAGS=-g -mcpu=cortex-a9 -mfpu=vfpv3 -mfloat-abi=hard"
"Running Make include in ps7_cortexa9_0/libsrc/coresightps_dcc_v1_4/src"
make -C ps7_cortexa9_0/libsrc/coresightps_dcc_v1_4/src -s include  "SHELL=CMD" "COMPILER=arm-none-eabi-gcc" "ARCHIVER=arm-none-eabi-ar" "COMPILER_FLAGS=  -O2 -c" "EXTRA_COMPILER_FLAGS=-g -mcpu=cortex-a9 -mfpu=vfpv3 -mfloat-abi=hard"
"Running Make include in ps7_cortexa9_0/libsrc/ddrps_v1_0/src"
make -C ps7_cortexa9_0/libsrc/ddrps_v1_0/src -s include  "SHELL=CMD" "COMPILER=arm-none-eabi-gcc" "ARCHIVER=arm-none-eabi-ar" "COMPILER_FLAGS=  -O2 -c" "EXTRA_COMPILER_FLAGS=-g -mcpu=cortex-a9 -mfpu=vfpv3 -mfloat-abi=hard"
"Running Make include in ps7_cortexa9_0/libsrc/devcfg_v3_4/src"
make -C ps7_cortexa9_0/libsrc/devcfg_v3_4/src -s include  "SHELL=CMD" "COMPILER=arm-none-eabi-gcc" "ARCHIVER=arm-none-eabi-ar" "COMPILER_FLAGS=  -O2 -c" "EXTRA_COMPILER_FLAGS=-g -mcpu=cortex-a9 -mfpu=vfpv3 -mfloat-abi=hard"
"Running Make include in ps7_cortexa9_0/libsrc/dmaps_v2_3/src"
make -C ps7_cortexa9_0/libsrc/dmaps_v2_3/src -s include  "SHELL=CMD" "COMPILER=arm-none-eabi-gcc" "ARCHIVER=arm-none-eabi-ar" "COMPILER_FLAGS=  -O2 -c" "EXTRA_COMPILER_FLAGS=-g -mcpu=cortex-a9 -mfpu=vfpv3 -mfloat-abi=hard"
"Running Make include in ps7_cortexa9_0/libsrc/gpiops_v3_2/src"
make -C ps7_cortexa9_0/libsrc/gpiops_v3_2/src -s include  "SHELL=CMD" "COMPILER=arm-none-eabi-gcc" "ARCHIVER=arm-none-eabi-ar" "COMPILER_FLAGS=  -O2 -c" "EXTRA_COMPILER_FLAGS=-g -mcpu=cortex-a9 -mfpu=vfpv3 -mfloat-abi=hard"
"Running Make include in ps7_cortexa9_0/libsrc/qspips_v3_3/src"
make -C ps7_cortexa9_0/libsrc/qspips_v3_3/src -s include  "SHELL=CMD" "COMPILER=arm-none-eabi-gcc" "ARCHIVER=arm-none-eabi-ar" "COMPILER_FLAGS=  -O2 -c" "EXTRA_COMPILER_FLAGS=-g -mcpu=cortex-a9 -mfpu=vfpv3 -mfloat-abi=hard"
"Running Make include in ps7_cortexa9_0/libsrc/scuwdt_v2_1/src"
make -C ps7_cortexa9_0/libsrc/scuwdt_v2_1/src -s include  "SHELL=CMD" "COMPILER=arm-none-eabi-gcc" "ARCHIVER=arm-none-eabi-ar" "COMPILER_FLAGS=  -O2 -c" "EXTRA_COMPILER_FLAGS=-g -mcpu=cortex-a9 -mfpu=vfpv3 -mfloat-abi=hard"
"Running Make include in ps7_cortexa9_0/libsrc/ucos_common_v1_43/src"
make -C ps7_cortexa9_0/libsrc/ucos_common_v1_43/src -s include  "SHELL=CMD" "COMPILER=arm-none-eabi-gcc" "ARCHIVER=arm-none-eabi-ar" "COMPILER_FLAGS=  -O2 -c" "EXTRA_COMPILER_FLAGS=-g -mcpu=cortex-a9 -mfpu=vfpv3 -mfloat-abi=hard"
"Running Make include in ps7_cortexa9_0/libsrc/ucos_cpu_cortexa9_v1_43/src"
make -C ps7_cortexa9_0/libsrc/ucos_cpu_cortexa9_v1_43/src -s include  "SHELL=CMD" "COMPILER=arm-none-eabi-gcc" "ARCHIVER=arm-none-eabi-ar" "COMPILER_FLAGS=  -O2 -c" "EXTRA_COMPILER_FLAGS=-g -mcpu=cortex-a9 -mfpu=vfpv3 -mfloat-abi=hard"
"Running Make include in ps7_cortexa9_0/libsrc/ucos_emacps_v1_43/src"
make -C ps7_cortexa9_0/libsrc/ucos_emacps_v1_43/src -s include  "SHELL=CMD" "COMPILER=arm-none-eabi-gcc" "ARCHIVER=arm-none-eabi-ar" "COMPILER_FLAGS=  -O2 -c" "EXTRA_COMPILER_FLAGS=-g -mcpu=cortex-a9 -mfpu=vfpv3 -mfloat-abi=hard"
"Running Make include in ps7_cortexa9_0/libsrc/ucos_l2cachec_v1_43/src"
make -C ps7_cortexa9_0/libsrc/ucos_l2cachec_v1_43/src -s include  "SHELL=CMD" "COMPILER=arm-none-eabi-gcc" "ARCHIVER=arm-none-eabi-ar" "COMPILER_FLAGS=  -O2 -c" "EXTRA_COMPILER_FLAGS=-g -mcpu=cortex-a9 -mfpu=vfpv3 -mfloat-abi=hard"
"Running Make include in ps7_cortexa9_0/libsrc/ucos_osii_v1_43/src"
make -C ps7_cortexa9_0/libsrc/ucos_osii_v1_43/src -s include  "SHELL=CMD" "COMPILER=arm-none-eabi-gcc" "ARCHIVER=arm-none-eabi-ar" "COMPILER_FLAGS=  -O2 -c" "EXTRA_COMPILER_FLAGS=-g -mcpu=cortex-a9 -mfpu=vfpv3 -mfloat-abi=hard"
"Running Make include in ps7_cortexa9_0/libsrc/ucos_scuc_v1_43/src"
make -C ps7_cortexa9_0/libsrc/ucos_scuc_v1_43/src -s include  "SHELL=CMD" "COMPILER=arm-none-eabi-gcc" "ARCHIVER=arm-none-eabi-ar" "COMPILER_FLAGS=  -O2 -c" "EXTRA_COMPILER_FLAGS=-g -mcpu=cortex-a9 -mfpu=vfpv3 -mfloat-abi=hard"
"Running Make include in ps7_cortexa9_0/libsrc/ucos_scugic_v1_43/src"
make -C ps7_cortexa9_0/libsrc/ucos_scugic_v1_43/src -s include  "SHELL=CMD" "COMPILER=arm-none-eabi-gcc" "ARCHIVER=arm-none-eabi-ar" "COMPILER_FLAGS=  -O2 -c" "EXTRA_COMPILER_FLAGS=-g -mcpu=cortex-a9 -mfpu=vfpv3 -mfloat-abi=hard"
"Running Make include in ps7_cortexa9_0/libsrc/ucos_scutimer_v1_43/src"
make -C ps7_cortexa9_0/libsrc/ucos_scutimer_v1_43/src -s include  "SHELL=CMD" "COMPILER=arm-none-eabi-gcc" "ARCHIVER=arm-none-eabi-ar" "COMPILER_FLAGS=  -O2 -c" "EXTRA_COMPILER_FLAGS=-g -mcpu=cortex-a9 -mfpu=vfpv3 -mfloat-abi=hard"
"Running Make include in ps7_cortexa9_0/libsrc/ucos_standalone_v1_43/src"
make -C ps7_cortexa9_0/libsrc/ucos_standalone_v1_43/src -s include  "SHELL=CMD" "COMPILER=arm-none-eabi-gcc" "ARCHIVER=arm-none-eabi-ar" "COMPILER_FLAGS=  -O2 -c" "EXTRA_COMPILER_FLAGS=-g -mcpu=cortex-a9 -mfpu=vfpv3 -mfloat-abi=hard"
"Running Make include in ps7_cortexa9_0/libsrc/ucos_ttcps_v1_43/src"
make -C ps7_cortexa9_0/libsrc/ucos_ttcps_v1_43/src -s include  "SHELL=CMD" "COMPILER=arm-none-eabi-gcc" "ARCHIVER=arm-none-eabi-ar" "COMPILER_FLAGS=  -O2 -c" "EXTRA_COMPILER_FLAGS=-g -mcpu=cortex-a9 -mfpu=vfpv3 -mfloat-abi=hard"
"Running Make include in ps7_cortexa9_0/libsrc/ucos_uartps_v1_43/src"
make -C ps7_cortexa9_0/libsrc/ucos_uartps_v1_43/src -s include  "SHELL=CMD" "COMPILER=arm-none-eabi-gcc" "ARCHIVER=arm-none-eabi-ar" "COMPILER_FLAGS=  -O2 -c" "EXTRA_COMPILER_FLAGS=-g -mcpu=cortex-a9 -mfpu=vfpv3 -mfloat-abi=hard"
"Running Make include in ps7_cortexa9_0/libsrc/ucos_usbps_v1_43/src"
make -C ps7_cortexa9_0/libsrc/ucos_usbps_v1_43/src -s include  "SHELL=CMD" "COMPILER=arm-none-eabi-gcc" "ARCHIVER=arm-none-eabi-ar" "COMPILER_FLAGS=  -O2 -c" "EXTRA_COMPILER_FLAGS=-g -mcpu=cortex-a9 -mfpu=vfpv3 -mfloat-abi=hard"
"Running Make include in ps7_cortexa9_0/libsrc/ucos_v1_43/src"
make -C ps7_cortexa9_0/libsrc/ucos_v1_43/src -s include  "SHELL=CMD" "COMPILER=arm-none-eabi-gcc" "ARCHIVER=arm-none-eabi-ar" "COMPILER_FLAGS=  -O2 -c" "EXTRA_COMPILER_FLAGS=-g -mcpu=cortex-a9 -mfpu=vfpv3 -mfloat-abi=hard"
"Running Make include in ps7_cortexa9_0/libsrc/xadcps_v2_2/src"
make -C ps7_cortexa9_0/libsrc/xadcps_v2_2/src -s include  "SHELL=CMD" "COMPILER=arm-none-eabi-gcc" "ARCHIVER=arm-none-eabi-ar" "COMPILER_FLAGS=  -O2 -c" "EXTRA_COMPILER_FLAGS=-g -mcpu=cortex-a9 -mfpu=vfpv3 -mfloat-abi=hard"
"Running Make libs in ps7_cortexa9_0/libsrc/axidma_v9_3/src"
make -C ps7_cortexa9_0/libsrc/axidma_v9_3/src -s libs  "SHELL=CMD" "COMPILER=arm-none-eabi-gcc" "ARCHIVER=arm-none-eabi-ar" "COMPILER_FLAGS=  -O2 -c" "EXTRA_COMPILER_FLAGS=-g -mcpu=cortex-a9 -mfpu=vfpv3 -mfloat-abi=hard"
"Compiling axidma"
arm-none-eabi-ar: creating ../../../lib/libxil.a
"Running Make libs in ps7_cortexa9_0/libsrc/coresightps_dcc_v1_4/src"
make -C ps7_cortexa9_0/libsrc/coresightps_dcc_v1_4/src -s libs  "SHELL=CMD" "COMPILER=arm-none-eabi-gcc" "ARCHIVER=arm-none-eabi-ar" "COMPILER_FLAGS=  -O2 -c" "EXTRA_COMPILER_FLAGS=-g -mcpu=cortex-a9 -mfpu=vfpv3 -mfloat-abi=hard"
"Compiling coresightps_dcc"
"Running Make libs in ps7_cortexa9_0/libsrc/ddrps_v1_0/src"
make -C ps7_cortexa9_0/libsrc/ddrps_v1_0/src -s libs  "SHELL=CMD" "COMPILER=arm-none-eabi-gcc" "ARCHIVER=arm-none-eabi-ar" "COMPILER_FLAGS=  -O2 -c" "EXTRA_COMPILER_FLAGS=-g -mcpu=cortex-a9 -mfpu=vfpv3 -mfloat-abi=hard"
"Compiling ddrps"
"Running Make libs in ps7_cortexa9_0/libsrc/devcfg_v3_4/src"
make -C ps7_cortexa9_0/libsrc/devcfg_v3_4/src -s libs  "SHELL=CMD" "COMPILER=arm-none-eabi-gcc" "ARCHIVER=arm-none-eabi-ar" "COMPILER_FLAGS=  -O2 -c" "EXTRA_COMPILER_FLAGS=-g -mcpu=cortex-a9 -mfpu=vfpv3 -mfloat-abi=hard"
"Compiling devcfg"
"Running Make libs in ps7_cortexa9_0/libsrc/dmaps_v2_3/src"
make -C ps7_cortexa9_0/libsrc/dmaps_v2_3/src -s libs  "SHELL=CMD" "COMPILER=arm-none-eabi-gcc" "ARCHIVER=arm-none-eabi-ar" "COMPILER_FLAGS=  -O2 -c" "EXTRA_COMPILER_FLAGS=-g -mcpu=cortex-a9 -mfpu=vfpv3 -mfloat-abi=hard"
"Compiling dmaps"
"Running Make libs in ps7_cortexa9_0/libsrc/gpiops_v3_2/src"
make -C ps7_cortexa9_0/libsrc/gpiops_v3_2/src -s libs  "SHELL=CMD" "COMPILER=arm-none-eabi-gcc" "ARCHIVER=arm-none-eabi-ar" "COMPILER_FLAGS=  -O2 -c" "EXTRA_COMPILER_FLAGS=-g -mcpu=cortex-a9 -mfpu=vfpv3 -mfloat-abi=hard"
"Compiling gpiops"
"Running Make libs in ps7_cortexa9_0/libsrc/qspips_v3_3/src"
make -C ps7_cortexa9_0/libsrc/qspips_v3_3/src -s libs  "SHELL=CMD" "COMPILER=arm-none-eabi-gcc" "ARCHIVER=arm-none-eabi-ar" "COMPILER_FLAGS=  -O2 -c" "EXTRA_COMPILER_FLAGS=-g -mcpu=cortex-a9 -mfpu=vfpv3 -mfloat-abi=hard"
"Compiling qspips"
"Running Make libs in ps7_cortexa9_0/libsrc/scuwdt_v2_1/src"
[...]
"Compiling scutimer"
"Running Make libs in ps7_cortexa9_0/libsrc/ucos_standalone_v1_43/src"
make -C ps7_cortexa9_0/libsrc/ucos_standalone_v1_43/src -s libs  "SHELL=CMD" "COMPILER=arm-none-eabi-gcc" "ARCHIVER=arm-none-eabi-ar" "COMPILER_FLAGS=  -O2 -c" "EXTRA_COMPILER_FLAGS=-g -mcpu=cortex-a9 -mfpu=vfpv3 -mfloat-abi=hard"
"Compiling standalone"
"Running Make libs in ps7_cortexa9_0/libsrc/ucos_ttcps_v1_43/src"
make -C ps7_cortexa9_0/libsrc/ucos_ttcps_v1_43/src -s libs  "SHELL=CMD" "COMPILER=arm-none-eabi-gcc" "ARCHIVER=arm-none-eabi-ar" "COMPILER_FLAGS=  -O2 -c" "EXTRA_COMPILER_FLAGS=-g -mcpu=cortex-a9 -mfpu=vfpv3 -mfloat-abi=hard"
"Compiling ucos_ttcps"
"Running Make libs in ps7_cortexa9_0/libsrc/ucos_uartps_v1_43/src"
make -C ps7_cortexa9_0/libsrc/ucos_uartps_v1_43/src -s libs  "SHELL=CMD" "COMPILER=arm-none-eabi-gcc" "ARCHIVER=arm-none-eabi-ar" "COMPILER_FLAGS=  -O2 -c" "EXTRA_COMPILER_FLAGS=-g -mcpu=cortex-a9 -mfpu=vfpv3 -mfloat-abi=hard"
"Compiling ucos_emacps"
"Running Make libs in ps7_cortexa9_0/libsrc/ucos_usbps_v1_43/src"
make -C ps7_cortexa9_0/libsrc/ucos_usbps_v1_43/src -s libs  "SHELL=CMD" "COMPILER=arm-none-eabi-gcc" "ARCHIVER=arm-none-eabi-ar" "COMPILER_FLAGS=  -O2 -c" "EXTRA_COMPILER_FLAGS=-g -mcpu=cortex-a9 -mfpu=vfpv3 -mfloat-abi=hard"
"Compiling ucos_usbps"
"Running Make libs in ps7_cortexa9_0/libsrc/ucos_v1_43/src"
make -C ps7_cortexa9_0/libsrc/ucos_v1_43/src -s libs  "SHELL=CMD" "COMPILER=arm-none-eabi-gcc" "ARCHIVER=arm-none-eabi-ar" "COMPILER_FLAGS=  -O2 -c" "EXTRA_COMPILER_FLAGS=-g -mcpu=cortex-a9 -mfpu=vfpv3 -mfloat-abi=hard"
"Compiling uC/OS"
ucos_startup.c: In function 'UCOSStartup':
ucos_startup.c:82:5: warning: implicit declaration of function 'guest_CPU_IntDis' [-Wimplicit-function-declaration]
     guest_CPU_IntDis();
     ^~~~~~~~~~~~~~~~
ucos_startup.c:118:5: warning: implicit declaration of function 'guest_CPU_IntEn' [-Wimplicit-function-declaration]
     guest_CPU_IntEn();
     ^~~~~~~~~~~~~~~
"Running Make libs in ps7_cortexa9_0/libsrc/xadcps_v2_2/src"
make -C ps7_cortexa9_0/libsrc/xadcps_v2_2/src -s libs  "SHELL=CMD" "COMPILER=arm-none-eabi-gcc" "ARCHIVER=arm-none-eabi-ar" "COMPILER_FLAGS=  -O2 -c" "EXTRA_COMPILER_FLAGS=-g -mcpu=cortex-a9 -mfpu=vfpv3 -mfloat-abi=hard"
"Compiling xadcps"
'Finished building libraries'
13:42:17 **** Auto Build of configuration Debug for project ucos_dma ****
make pre-build main-build 
a9-linaro-pre-build-step
' '
'Building file: ../src/port/guest_os_fctns.c'
'Invoking: ARM v7 gcc compiler'
arm-none-eabi-gcc -Wall -O0 -g3 -c -fmessage-length=0 -MT"src/port/guest_os_fctns.o" -mcpu=cortex-a9 -mfpu=vfpv3 -mfloat-abi=hard -I../../ucos_dma_bsp/ps7_cortexa9_0/include -MMD -MP -MF"src/port/guest_os_fctns.d" -MT"src/port/guest_os_fctns.o" -o "src/port/guest_os_fctns.o" "../src/port/guest_os_fctns.c"
'Finished building: ../src/port/guest_os_fctns.c'
' '
'Building file: ../src/port/performance.c'
'Invoking: ARM v7 gcc compiler'
arm-none-eabi-gcc -Wall -O0 -g3 -c -fmessage-length=0 -MT"src/port/performance.o" -mcpu=cortex-a9 -mfpu=vfpv3 -mfloat-abi=hard -I../../ucos_dma_bsp/ps7_cortexa9_0/include -MMD -MP -MF"src/port/performance.d" -MT"src/port/performance.o" -o "src/port/performance.o" "../src/port/performance.c"
'Finished building: ../src/port/performance.c'
' '
'Building file: ../src/port/syscall_list.c'
'Invoking: ARM v7 gcc compiler'
arm-none-eabi-gcc -Wall -O0 -g3 -c -fmessage-length=0 -MT"src/port/syscall_list.o" -mcpu=cortex-a9 -mfpu=vfpv3 -mfloat-abi=hard -I../../ucos_dma_bsp/ps7_cortexa9_0/include -MMD -MP -MF"src/port/syscall_list.d" -MT"src/port/syscall_list.o" -o "src/port/syscall_list.o" "../src/port/syscall_list.c"
../src/port/syscall_list.c: In function 'sys_mbox_read':
../src/port/syscall_list.c:109:29: warning: passing argument 3 of 'syscall' makes integer from pointer without a cast [-Wint-conversion]
  return syscall(14, box_id, message, 0);
                             ^~~~~~~
In file included from ../src/port/syscall_list.c:8:0:
../src/port/syscall.h:13:22: note: expected 'long unsigned int' but argument is of type 'long unsigned int *'
 extern unsigned long syscall(unsigned long, unsigned long,  unsigned long,  unsigned long);
                      ^~~~~~~
../src/port/syscall_list.c: In function 'sys_print':
../src/port/syscall_list.c:119:15: warning: passing argument 2 of 'syscall' makes integer from pointer without a cast [-Wint-conversion]
  syscall (32, ptr, 0, 0);
               ^~~
In file included from ../src/port/syscall_list.c:8:0:
../src/port/syscall.h:13:22: note: expected 'long unsigned int' but argument is of type 'const char *'
 extern unsigned long syscall(unsigned long, unsigned long,  unsigned long,  unsigned long);
                      ^~~~~~~
'Finished building: ../src/port/syscall_list.c'
' '
'Building file: ../src/app.c'
'Invoking: ARM v7 gcc compiler'
arm-none-eabi-gcc -Wall -O0 -g3 -c -fmessage-length=0 -MT"src/app.o" -mcpu=cortex-a9 -mfpu=vfpv3 -mfloat-abi=hard -I../../ucos_dma_bsp/ps7_cortexa9_0/include -MMD -MP -MF"src/app.d" -MT"src/app.o" -o "src/app.o" "../src/app.c"
../src/app.c: In function 'MainTask':
../src/app.c:200:21: warning: "/*" within comment [-Wcomment]
                     /* Wait */
                      
'Finished building: ../src/app.c'
' '
'Building target: ucos_dma.elf'
'Invoking: ARM v7 gcc linker'
arm-none-eabi-gcc -mcpu=cortex-a9 -mfpu=vfpv3 -mfloat-abi=hard -Wl,-build-id=none -specs=Xilinx.spec -Wl,-T -Wl,../src/lscript.ld -L../../ucos_dma_bsp/ps7_cortexa9_0/lib -o "ucos_dma.elf"  ./src/port/guest_os_fctns.o ./src/port/guest_os_start.o ./src/port/guest_os_start_pre.o ./src/port/performance.o ./src/port/syscall.o ./src/port/syscall_list.o  ./src/app.o   -Wl,--start-group,-lucos,-lgcc,-lc,--end-group -Wl,--start-group,-lxil,-lucos,-lgcc,-lc,--end-group
'Finished building target: ucos_dma.elf'
' '
'Invoking: ARM v7 Print Size'
arm-none-eabi-size ucos_dma.elf  |tee "ucos_dma.elf.size"
   text	   data	    bss	    dec	    hex	filename
  40676	   1116	  42576	  84368	  14990	ucos_dma.elf
'Finished building: ucos_dma.elf.size'
' '
13:42:43 **** Auto Build of project ucos_dma_bsp ****
make -k all 
"Running Make include in ps7_cortexa9_0/libsrc/axidma_v9_3/src"
make -C ps7_cortexa9_0/libsrc/axidma_v9_3/src -s include  "SHELL=CMD" "COMPILER=arm-none-eabi-gcc" "ARCHIVER=arm-none-eabi-ar" "COMPILER_FLAGS=  -O2 -c" "EXTRA_COMPILER_FLAGS=-g -mcpu=cortex-a9 -mfpu=vfpv3 -mfloat-abi=hard"
"Running Make include in ps7_cortexa9_0/libsrc/coresightps_dcc_v1_4/src"
make -C ps7_cortexa9_0/libsrc/coresightps_dcc_v1_4/src -s include  "SHELL=CMD" "COMPILER=arm-none-eabi-gcc" "ARCHIVER=arm-none-eabi-ar" "COMPILER_FLAGS=  -O2 -c" "EXTRA_COMPILER_FLAGS=-g -mcpu=cortex-a9 -mfpu=vfpv3 -mfloat-abi=hard"
"Running Make include in ps7_cortexa9_0/libsrc/ddrps_v1_0/src"
make -C ps7_cortexa9_0/libsrc/ddrps_v1_0/src -s include  "SHELL=CMD" "COMPILER=arm-none-eabi-gcc" "ARCHIVER=arm-none-eabi-ar" "COMPILER_FLAGS=  -O2 -c" "EXTRA_COMPILER_FLAGS=-g -mcpu=cortex-a9 -mfpu=vfpv3 -mfloat-abi=hard"
"Running Make include in ps7_cortexa9_0/libsrc/devcfg_v3_4/src"
make -C ps7_cortexa9_0/libsrc/devcfg_v3_4/src -s include  "SHELL=CMD" "COMPILER=arm-none-eabi-gcc" "ARCHIVER=arm-none-eabi-ar" "COMPILER_FLAGS=  -O2 -c" "EXTRA_COMPILER_FLAGS=-g -mcpu=cortex-a9 -mfpu=vfpv3 -mfloat-abi=hard"
"Running Make include in ps7_cortexa9_0/libsrc/dmaps_v2_3/src"
make -C ps7_cortexa9_0/libsrc/dmaps_v2_3/src -s include  "SHELL=CMD" "COMPILER=arm-none-eabi-gcc" "ARCHIVER=arm-none-eabi-ar" "COMPILER_FLAGS=  -O2 -c" "EXTRA_COMPILER_FLAGS=-g -mcpu=cortex-a9 -mfpu=vfpv3 -mfloat-abi=hard"
"Running Make include in ps7_cortexa9_0/libsrc/gpiops_v3_2/src"
make -C ps7_cortexa9_0/libsrc/gpiops_v3_2/src -s include  "SHELL=CMD" "COMPILER=arm-none-eabi-gcc" "ARCHIVER=arm-none-eabi-ar" "COMPILER_FLAGS=  -O2 -c" "EXTRA_COMPILER_FLAGS=-g -mcpu=cortex-a9 -mfpu=vfpv3 -mfloat-abi=hard"
"Running Make include in ps7_cortexa9_0/libsrc/qspips_v3_3/src"
make -C ps7_cortexa9_0/libsrc/qspips_v3_3/src -s include  "SHELL=CMD" "COMPILER=arm-none-eabi-gcc" "ARCHIVER=arm-none-eabi-ar" "COMPILER_FLAGS=  -O2 -c" "EXTRA_COMPILER_FLAGS=-g -mcpu=cortex-a9 -mfpu=vfpv3 -mfloat-abi=hard"
"Running Make include in ps7_cortexa9_0/libsrc/scuwdt_v2_1/src"
make -C ps7_cortexa9_0/libsrc/scuwdt_v2_1/src -s include  "SHELL=CMD" "COMPILER=arm-none-eabi-gcc" "ARCHIVER=arm-none-eabi-ar" "COMPILER_FLAGS=  -O2 -c" "EXTRA_COMPILER_FLAGS=-g -mcpu=cortex-a9 -mfpu=vfpv3 -mfloat-abi=hard"
"Running Make include in ps7_cortexa9_0/libsrc/ucos_common_v1_43/src"
make -C ps7_cortexa9_0/libsrc/ucos_common_v1_43/src -s include  "SHELL=CMD" "COMPILER=arm-none-eabi-gcc" "ARCHIVER=arm-none-eabi-ar" "COMPILER_FLAGS=  -O2 -c" "EXTRA_COMPILER_FLAGS=-g -mcpu=cortex-a9 -mfpu=vfpv3 -mfloat-abi=hard"
"Running Make include in ps7_cortexa9_0/libsrc/ucos_cpu_cortexa9_v1_43/src"
make -C ps7_cortexa9_0/libsrc/ucos_cpu_cortexa9_v1_43/src -s include  "SHELL=CMD" "COMPILER=arm-none-eabi-gcc" "ARCHIVER=arm-none-eabi-ar" "COMPILER_FLAGS=  -O2 -c" "EXTRA_COMPILER_FLAGS=-g -mcpu=cortex-a9 -mfpu=vfpv3 -mfloat-abi=hard"
"Running Make include in ps7_cortexa9_0/libsrc/ucos_emacps_v1_43/src"
make -C ps7_cortexa9_0/libsrc/ucos_emacps_v1_43/src -s include  "SHELL=CMD" "COMPILER=arm-none-eabi-gcc" "ARCHIVER=arm-none-eabi-ar" "COMPILER_FLAGS=  -O2 -c" "EXTRA_COMPILER_FLAGS=-g -mcpu=cortex-a9 -mfpu=vfpv3 -mfloat-abi=hard"
"Running Make include in ps7_cortexa9_0/libsrc/ucos_l2cachec_v1_43/src"
make -C ps7_cortexa9_0/libsrc/ucos_l2cachec_v1_43/src -s include  "SHELL=CMD" "COMPILER=arm-none-eabi-gcc" "ARCHIVER=arm-none-eabi-ar" "COMPILER_FLAGS=  -O2 -c" "EXTRA_COMPILER_FLAGS=-g -mcpu=cortex-a9 -mfpu=vfpv3 -mfloat-abi=hard"
"Running Make include in ps7_cortexa9_0/libsrc/ucos_osii_v1_43/src"
make -C ps7_cortexa9_0/libsrc/ucos_osii_v1_43/src -s include  "SHELL=CMD" "COMPILER=arm-none-eabi-gcc" "ARCHIVER=arm-none-eabi-ar" "COMPILER_FLAGS=  -O2 -c" "EXTRA_COMPILER_FLAGS=-g -mcpu=cortex-a9 -mfpu=vfpv3 -mfloat-abi=hard"
"Running Make include in ps7_cortexa9_0/libsrc/ucos_scuc_v1_43/src"
make -C ps7_cortexa9_0/libsrc/ucos_scuc_v1_43/src -s include  "SHELL=CMD" "COMPILER=arm-none-eabi-gcc" "ARCHIVER=arm-none-eabi-ar" "COMPILER_FLAGS=  -O2 -c" "EXTRA_COMPILER_FLAGS=-g -mcpu=cortex-a9 -mfpu=vfpv3 -mfloat-abi=hard"
"Running Make include in ps7_cortexa9_0/libsrc/ucos_scugic_v1_43/src"
make -C ps7_cortexa9_0/libsrc/ucos_scugic_v1_43/src -s include  "SHELL=CMD" "COMPILER=arm-none-eabi-gcc" "ARCHIVER=arm-none-eabi-ar" "COMPILER_FLAGS=  -O2 -c" "EXTRA_COMPILER_FLAGS=-g -mcpu=cortex-a9 -mfpu=vfpv3 -mfloat-abi=hard"
"Running Make include in ps7_cortexa9_0/libsrc/ucos_scutimer_v1_43/src"
make -C ps7_cortexa9_0/libsrc/ucos_scutimer_v1_43/src -s include  "SHELL=CMD" "COMPILER=arm-none-eabi-gcc" "ARCHIVER=arm-none-eabi-ar" "COMPILER_FLAGS=  -O2 -c" "EXTRA_COMPILER_FLAGS=-g -mcpu=cortex-a9 -mfpu=vfpv3 -mfloat-abi=hard"
"Running Make include in ps7_cortexa9_0/libsrc/ucos_standalone_v1_43/src"
make -C ps7_cortexa9_0/libsrc/ucos_standalone_v1_43/src -s include  "SHELL=CMD" "COMPILER=arm-none-eabi-gcc" "ARCHIVER=arm-none-eabi-ar" "COMPILER_FLAGS=  -O2 -c" "EXTRA_COMPILER_FLAGS=-g -mcpu=cortex-a9 -mfpu=vfpv3 -mfloat-abi=hard"
"Running Make include in ps7_cortexa9_0/libsrc/ucos_ttcps_v1_43/src"
make -C ps7_cortexa9_0/libsrc/ucos_ttcps_v1_43/src -s include  "SHELL=CMD" "COMPILER=arm-none-eabi-gcc" "ARCHIVER=arm-none-eabi-ar" "COMPILER_FLAGS=  -O2 -c" "EXTRA_COMPILER_FLAGS=-g -mcpu=cortex-a9 -mfpu=vfpv3 -mfloat-abi=hard"
"Running Make include in ps7_cortexa9_0/libsrc/ucos_uartps_v1_43/src"
make -C ps7_cortexa9_0/libsrc/ucos_uartps_v1_43/src -s include  "SHELL=CMD" "COMPILER=arm-none-eabi-gcc" "ARCHIVER=arm-none-eabi-ar" "COMPILER_FLAGS=  -O2 -c" "EXTRA_COMPILER_FLAGS=-g -mcpu=cortex-a9 -mfpu=vfpv3 -mfloat-abi=hard"
"Running Make include in ps7_cortexa9_0/libsrc/ucos_usbps_v1_43/src"
make -C ps7_cortexa9_0/libsrc/ucos_usbps_v1_43/src -s include  "SHELL=CMD" "COMPILER=arm-none-eabi-gcc" "ARCHIVER=arm-none-eabi-ar" "COMPILER_FLAGS=  -O2 -c" "EXTRA_COMPILER_FLAGS=-g -mcpu=cortex-a9 -mfpu=vfpv3 -mfloat-abi=hard"
"Running Make include in ps7_cortexa9_0/libsrc/ucos_v1_43/src"
make -C ps7_cortexa9_0/libsrc/ucos_v1_43/src -s include  "SHELL=CMD" "COMPILER=arm-none-eabi-gcc" "ARCHIVER=arm-none-eabi-ar" "COMPILER_FLAGS=  -O2 -c" "EXTRA_COMPILER_FLAGS=-g -mcpu=cortex-a9 -mfpu=vfpv3 -mfloat-abi=hard"
"Running Make include in ps7_cortexa9_0/libsrc/xadcps_v2_2/src"
make -C ps7_cortexa9_0/libsrc/xadcps_v2_2/src -s include  "SHELL=CMD" "COMPILER=arm-none-eabi-gcc" "ARCHIVER=arm-none-eabi-ar" "COMPILER_FLAGS=  -O2 -c" "EXTRA_COMPILER_FLAGS=-g -mcpu=cortex-a9 -mfpu=vfpv3 -mfloat-abi=hard"
"Running Make libs in ps7_cortexa9_0/libsrc/axidma_v9_3/src"
make -C ps7_cortexa9_0/libsrc/axidma_v9_3/src -s libs  "SHELL=CMD" "COMPILER=arm-none-eabi-gcc" "ARCHIVER=arm-none-eabi-ar" "COMPILER_FLAGS=  -O2 -c" "EXTRA_COMPILER_FLAGS=-g -mcpu=cortex-a9 -mfpu=vfpv3 -mfloat-abi=hard"
"Compiling axidma"
"Running Make libs in ps7_cortexa9_0/libsrc/coresightps_dcc_v1_4/src"
make -C ps7_cortexa9_0/libsrc/coresightps_dcc_v1_4/src -s libs  "SHELL=CMD" "COMPILER=arm-none-eabi-gcc" "ARCHIVER=arm-none-eabi-ar" "COMPILER_FLAGS=  -O2 -c" "EXTRA_COMPILER_FLAGS=-g -mcpu=cortex-a9 -mfpu=vfpv3 -mfloat-abi=hard"
"Compiling coresightps_dcc"
"Running Make libs in ps7_cortexa9_0/libsrc/ddrps_v1_0/src"
make -C ps7_cortexa9_0/libsrc/ddrps_v1_0/src -s libs  "SHELL=CMD" "COMPILER=arm-none-eabi-gcc" "ARCHIVER=arm-none-eabi-ar" "COMPILER_FLAGS=  -O2 -c" "EXTRA_COMPILER_FLAGS=-g -mcpu=cortex-a9 -mfpu=vfpv3 -mfloat-abi=hard"
"Compiling ddrps"
"Running Make libs in ps7_cortexa9_0/libsrc/devcfg_v3_4/src"
make -C ps7_cortexa9_0/libsrc/devcfg_v3_4/src -s libs  "SHELL=CMD" "COMPILER=arm-none-eabi-gcc" "ARCHIVER=arm-none-eabi-ar" "COMPILER_FLAGS=  -O2 -c" "EXTRA_COMPILER_FLAGS=-g -mcpu=cortex-a9 -mfpu=vfpv3 -mfloat-abi=hard"
"Compiling devcfg"
"Running Make libs in ps7_cortexa9_0/libsrc/dmaps_v2_3/src"
make -C ps7_cortexa9_0/libsrc/dmaps_v2_3/src -s libs  "SHELL=CMD" "COMPILER=arm-none-eabi-gcc" "ARCHIVER=arm-none-eabi-ar" "COMPILER_FLAGS=  -O2 -c" "EXTRA_COMPILER_FLAGS=-g -mcpu=cortex-a9 -mfpu=vfpv3 -mfloat-abi=hard"
"Compiling dmaps"
"Running Make libs in ps7_cortexa9_0/libsrc/gpiops_v3_2/src"
make -C ps7_cortexa9_0/libsrc/gpiops_v3_2/src -s libs  "SHELL=CMD" "COMPILER=arm-none-eabi-gcc" "ARCHIVER=arm-none-eabi-ar" "COMPILER_FLAGS=  -O2 -c" "EXTRA_COMPILER_FLAGS=-g -mcpu=cortex-a9 -mfpu=vfpv3 -mfloat-abi=hard"
"Compiling gpiops"
"Running Make libs in ps7_cortexa9_0/libsrc/qspips_v3_3/src"
make -C ps7_cortexa9_0/libsrc/qspips_v3_3/src -s libs  "SHELL=CMD" "COMPILER=arm-none-eabi-gcc" "ARCHIVER=arm-none-eabi-ar" "COMPILER_FLAGS=  -O2 -c" "EXTRA_COMPILER_FLAGS=-g -mcpu=cortex-a9 -mfpu=vfpv3 -mfloat-abi=hard"
"Compiling qspips"
"Running Make libs in ps7_cortexa9_0/libsrc/scuwdt_v2_1/src"
make -C ps7_cortexa9_0/libsrc/scuwdt_v2_1/src -s libs  "SHELL=CMD" "COMPILER=arm-none-eabi-gcc" "ARCHIVER=arm-none-eabi-ar" "COMPILER_FLAGS=  -O2 -c" "EXTRA_COMPILER_FLAGS=-g -mcpu=cortex-a9 -mfpu=vfpv3 -mfloat-abi=hard"
"Compiling scuwdt"
"Running Make libs in ps7_cortexa9_0/libsrc/ucos_common_v1_43/src"
make -C ps7_cortexa9_0/libsrc/ucos_common_v1_43/src -s libs  "SHELL=CMD" "COMPILER=arm-none-eabi-gcc" "ARCHIVER=arm-none-eabi-ar" "COMPILER_FLAGS=  -O2 -c" "EXTRA_COMPILER_FLAGS=-g -mcpu=cortex-a9 -mfpu=vfpv3 -mfloat-abi=hard"
"Compiling uC/OS Common Components"
"Running Make libs in ps7_cortexa9_0/libsrc/ucos_cpu_cortexa9_v1_43/src"
make -C ps7_cortexa9_0/libsrc/ucos_cpu_cortexa9_v1_43/src -s libs  "SHELL=CMD" "COMPILER=arm-none-eabi-gcc" "ARCHIVER=arm-none-eabi-ar" "COMPILER_FLAGS=  -O2 -c" "EXTRA_COMPILER_FLAGS=-g -mcpu=cortex-a9 -mfpu=vfpv3 -mfloat-abi=hard"
"Compiling ucos_cpu_cortexa9"
"Running Make libs in ps7_cortexa9_0/libsrc/ucos_emacps_v1_43/src"
make -C ps7_cortexa9_0/libsrc/ucos_emacps_v1_43/src -s libs  "SHELL=CMD" "COMPILER=arm-none-eabi-gcc" "ARCHIVER=arm-none-eabi-ar" "COMPILER_FLAGS=  -O2 -c" "EXTRA_COMPILER_FLAGS=-g -mcpu=cortex-a9 -mfpu=vfpv3 -mfloat-abi=hard"
"Compiling ucos_usbps"
"Running Make libs in ps7_cortexa9_0/libsrc/ucos_l2cachec_v1_43/src"
make -C ps7_cortexa9_0/libsrc/ucos_l2cachec_v1_43/src -s libs  "SHELL=CMD" "COMPILER=arm-none-eabi-gcc" "ARCHIVER=arm-none-eabi-ar" "COMPILER_FLAGS=  -O2 -c" "EXTRA_COMPILER_FLAGS=-g -mcpu=cortex-a9 -mfpu=vfpv3 -mfloat-abi=hard"
"Compiling ucos_scuc"
"Running Make libs in ps7_cortexa9_0/libsrc/ucos_osii_v1_43/src"
make -C ps7_cortexa9_0/libsrc/ucos_osii_v1_43/src -s libs  "SHELL=CMD" "COMPILER=arm-none-eabi-gcc" "ARCHIVER=arm-none-eabi-ar" "COMPILER_FLAGS=  -O2 -c" "EXTRA_COMPILER_FLAGS=-g -mcpu=cortex-a9 -mfpu=vfpv3 -mfloat-abi=hard"
"Compiling uC/OS-II"
"Running Make libs in ps7_cortexa9_0/libsrc/ucos_scuc_v1_43/src"
make -C ps7_cortexa9_0/libsrc/ucos_scuc_v1_43/src -s libs  "SHELL=CMD" "COMPILER=arm-none-eabi-gcc" "ARCHIVER=arm-none-eabi-ar" "COMPILER_FLAGS=  -O2 -c" "EXTRA_COMPILER_FLAGS=-g -mcpu=cortex-a9 -mfpu=vfpv3 -mfloat-abi=hard"
"Compiling ucos_l2cachec"
"Running Make libs in ps7_cortexa9_0/libsrc/ucos_scugic_v1_43/src"
make -C ps7_cortexa9_0/libsrc/ucos_scugic_v1_43/src -s libs  "SHELL=CMD" "COMPILER=arm-none-eabi-gcc" "ARCHIVER=arm-none-eabi-ar" "COMPILER_FLAGS=  -O2 -c" "EXTRA_COMPILER_FLAGS=-g -mcpu=cortex-a9 -mfpu=vfpv3 -mfloat-abi=hard"
"Compiling scugic"
"Running Make libs in ps7_cortexa9_0/libsrc/ucos_scutimer_v1_43/src"
make -C ps7_cortexa9_0/libsrc/ucos_scutimer_v1_43/src -s libs  "SHELL=CMD" "COMPILER=arm-none-eabi-gcc" "ARCHIVER=arm-none-eabi-ar" "COMPILER_FLAGS=  -O2 -c" "EXTRA_COMPILER_FLAGS=-g -mcpu=cortex-a9 -mfpu=vfpv3 -mfloat-abi=hard"
"Compiling scutimer"
"Running Make libs in ps7_cortexa9_0/libsrc/ucos_standalone_v1_43/src"
make -C ps7_cortexa9_0/libsrc/ucos_standalone_v1_43/src -s libs  "SHELL=CMD" "COMPILER=arm-none-eabi-gcc" "ARCHIVER=arm-none-eabi-ar" "COMPILER_FLAGS=  -O2 -c" "EXTRA_COMPILER_FLAGS=-g -mcpu=cortex-a9 -mfpu=vfpv3 -mfloat-abi=hard"
"Compiling standalone"
"Running Make libs in ps7_cortexa9_0/libsrc/ucos_ttcps_v1_43/src"
make -C ps7_cortexa9_0/libsrc/ucos_ttcps_v1_43/src -s libs  "SHELL=CMD" "COMPILER=arm-none-eabi-gcc" "ARCHIVER=arm-none-eabi-ar" "COMPILER_FLAGS=  -O2 -c" "EXTRA_COMPILER_FLAGS=-g -mcpu=cortex-a9 -mfpu=vfpv3 -mfloat-abi=hard"
"Compiling ucos_ttcps"
"Running Make libs in ps7_cortexa9_0/libsrc/ucos_uartps_v1_43/src"
make -C ps7_cortexa9_0/libsrc/ucos_uartps_v1_43/src -s libs  "SHELL=CMD" "COMPILER=arm-none-eabi-gcc" "ARCHIVER=arm-none-eabi-ar" "COMPILER_FLAGS=  -O2 -c" "EXTRA_COMPILER_FLAGS=-g -mcpu=cortex-a9 -mfpu=vfpv3 -mfloat-abi=hard"
"Compiling ucos_emacps"
"Running Make libs in ps7_cortexa9_0/libsrc/ucos_usbps_v1_43/src"
make -C ps7_cortexa9_0/libsrc/ucos_usbps_v1_43/src -s libs  "SHELL=CMD" "COMPILER=arm-none-eabi-gcc" "ARCHIVER=arm-none-eabi-ar" "COMPILER_FLAGS=  -O2 -c" "EXTRA_COMPILER_FLAGS=-g -mcpu=cortex-a9 -mfpu=vfpv3 -mfloat-abi=hard"
"Compiling ucos_usbps"
"Running Make libs in ps7_cortexa9_0/libsrc/ucos_v1_43/src"
make -C ps7_cortexa9_0/libsrc/ucos_v1_43/src -s libs  "SHELL=CMD" "COMPILER=arm-none-eabi-gcc" "ARCHIVER=arm-none-eabi-ar" "COMPILER_FLAGS=  -O2 -c" "EXTRA_COMPILER_FLAGS=-g -mcpu=cortex-a9 -mfpu=vfpv3 -mfloat-abi=hard"
"Compiling uC/OS"
ucos_startup.c: In function 'UCOSStartup':
ucos_startup.c:82:5: warning: implicit declaration of function 'guest_CPU_IntDis' [-Wimplicit-function-declaration]
     guest_CPU_IntDis();
     ^~~~~~~~~~~~~~~~
ucos_startup.c:118:5: warning: implicit declaration of function 'guest_CPU_IntEn' [-Wimplicit-function-declaration]
     guest_CPU_IntEn();
     ^~~~~~~~~~~~~~~
"Running Make libs in ps7_cortexa9_0/libsrc/xadcps_v2_2/src"
make -C ps7_cortexa9_0/libsrc/xadcps_v2_2/src -s libs  "SHELL=CMD" "COMPILER=arm-none-eabi-gcc" "ARCHIVER=arm-none-eabi-ar" "COMPILER_FLAGS=  -O2 -c" "EXTRA_COMPILER_FLAGS=-g -mcpu=cortex-a9 -mfpu=vfpv3 -mfloat-abi=hard"
"Compiling xadcps"
'Finished building libraries'
