13:42:17 **** Auto Build of configuration Debug for project ucos_dma ****
make pre-build main-build 
a9-linaro-pre-build-step
' '
'Building file: ../src/port/guest_os_fctns.c'
'Invoking: ARM v7 gcc compiler'
arm-none-eabi-gcc -Wall -O0 -g3 -c -fmessage-length=0 -MT"src/port/guest_os_fctns.o" -mcpu=cortex-a9 -mfpu=vfpv3 -mfloat-abi=hard -I../../ucos_dma_bsp/ps7_cortexa9_0/include -MMD -MP -MF"src/port/guest_os_fctns.d" -MT"src/port/guest_os_fctns.o" -o "src/port/guest_os_fctns.o" "../src/port/guest_os_fctns.c"
'Finished building: ../src/port/guest_os_fctns.c'
' '
'Building file: ../src/port/performance.c'
'Invoking: ARM v7 gcc compiler'
arm-none-eabi-gcc -Wall -O0 -g3 -c -fmessage-length=0 -MT"src/port/performance.o" -mcpu=cortex-a9 -mfpu=vfpv3 -mfloat-abi=hard -I../../ucos_dma_bsp/ps7_cortexa9_0/include -MMD -MP -MF"src/port/performance.d" -MT"src/port/performance.o" -o "src/port/performance.o" "../src/port/performance.c"
'Finished building: ../src/port/performance.c'
' '
'Building file: ../src/port/syscall_list.c'
'Invoking: ARM v7 gcc compiler'
arm-none-eabi-gcc -Wall -O0 -g3 -c -fmessage-length=0 -MT"src/port/syscall_list.o" -mcpu=cortex-a9 -mfpu=vfpv3 -mfloat-abi=hard -I../../ucos_dma_bsp/ps7_cortexa9_0/include -MMD -MP -MF"src/port/syscall_list.d" -MT"src/port/syscall_list.o" -o "src/port/syscall_list.o" "../src/port/syscall_list.c"
../src/port/syscall_list.c: In function 'sys_mbox_read':
../src/port/syscall_list.c:109:29: warning: passing argument 3 of 'syscall' makes integer from pointer without a cast [-Wint-conversion]
  return syscall(14, box_id, message, 0);
                             ^~~~~~~
In file included from ../src/port/syscall_list.c:8:0:
../src/port/syscall.h:13:22: note: expected 'long unsigned int' but argument is of type 'long unsigned int *'
 extern unsigned long syscall(unsigned long, unsigned long,  unsigned long,  unsigned long);
                      ^~~~~~~
../src/port/syscall_list.c: In function 'sys_print':
../src/port/syscall_list.c:119:15: warning: passing argument 2 of 'syscall' makes integer from pointer without a cast [-Wint-conversion]
  syscall (32, ptr, 0, 0);
               ^~~
In file included from ../src/port/syscall_list.c:8:0:
../src/port/syscall.h:13:22: note: expected 'long unsigned int' but argument is of type 'const char *'
 extern unsigned long syscall(unsigned long, unsigned long,  unsigned long,  unsigned long);
                      ^~~~~~~
'Finished building: ../src/port/syscall_list.c'
' '
'Building file: ../src/app.c'
'Invoking: ARM v7 gcc compiler'
arm-none-eabi-gcc -Wall -O0 -g3 -c -fmessage-length=0 -MT"src/app.o" -mcpu=cortex-a9 -mfpu=vfpv3 -mfloat-abi=hard -I../../ucos_dma_bsp/ps7_cortexa9_0/include -MMD -MP -MF"src/app.d" -MT"src/app.o" -o "src/app.o" "../src/app.c"
../src/app.c: In function 'MainTask':
../src/app.c:200:21: warning: "/*" within comment [-Wcomment]
                     /* Wait */
                      
'Finished building: ../src/app.c'
' '
'Building target: ucos_dma.elf'
'Invoking: ARM v7 gcc linker'
arm-none-eabi-gcc -mcpu=cortex-a9 -mfpu=vfpv3 -mfloat-abi=hard -Wl,-build-id=none -specs=Xilinx.spec -Wl,-T -Wl,../src/lscript.ld -L../../ucos_dma_bsp/ps7_cortexa9_0/lib -o "ucos_dma.elf"  ./src/port/guest_os_fctns.o ./src/port/guest_os_start.o ./src/port/guest_os_start_pre.o ./src/port/performance.o ./src/port/syscall.o ./src/port/syscall_list.o  ./src/app.o   -Wl,--start-group,-lucos,-lgcc,-lc,--end-group -Wl,--start-group,-lxil,-lucos,-lgcc,-lc,--end-group
'Finished building target: ucos_dma.elf'
' '
'Invoking: ARM v7 Print Size'
arm-none-eabi-size ucos_dma.elf  |tee "ucos_dma.elf.size"
   text	   data	    bss	    dec	    hex	filename
  40676	   1116	  42576	  84368	  14990	ucos_dma.elf
'Finished building: ucos_dma.elf.size'
' '

13:42:20 Build Finished (took 3s.49ms)

