10:33:06 **** Auto Build of configuration Debug for project ucos_2_task ****
make all 
'Building file: ../src/app.c'
'Invoking: ARM gcc compiler'
arm-xilinx-eabi-gcc -Wall -O0 -g3 -c -fmessage-length=0 -MT"src/app.o" -I../../ucos_2_task_bsp/ps7_cortexa9_0/include -MMD -MP -MF"src/app.d" -MT"src/app.d" -o "src/app.o" "../src/app.c"
'Finished building: ../src/app.c'
' '
'Building target: ucos_2_task.elf'
'Invoking: ARM gcc linker'
arm-xilinx-eabi-gcc -Wl,-T -Wl,../src/lscript.ld -L../../ucos_2_task_bsp/ps7_cortexa9_0/lib -o "ucos_2_task.elf"  ./src/app.o   -Wl,--start-group,-lucos,-lgcc,-lc,--end-group -Wl,--start-group,-lxil,-lucos,-lgcc,-lc,--end-group
'Finished building target: ucos_2_task.elf'
' '
'Invoking: ARM Print Size'
arm-xilinx-eabi-size ucos_2_task.elf  |tee "ucos_2_task.elf.size"
   text	   data	    bss	    dec	    hex	filename
  61144	     40	  34576	  95760	  17610	ucos_2_task.elf
'Finished building: ucos_2_task.elf.size'
' '

10:33:07 Build Finished (took 1s.42ms)

