09:43:52 **** Auto Build of configuration Debug for project ucos_dma ****
make all 
'Building file: ../src/app.c'
'Invoking: ARM gcc compiler'
arm-xilinx-eabi-gcc -Wall -O0 -g3 -c -fmessage-length=0 -MT"src/app.o" -I../../ucos_dma_bsp/ps7_cortexa9_0/include -MMD -MP -MF"src/app.d" -MT"src/app.d" -o "src/app.o" "../src/app.c"
'Finished building: ../src/app.c'
' '
'Building target: ucos_dma.elf'
'Invoking: ARM gcc linker'
arm-xilinx-eabi-gcc -Wl,-T -Wl,../src/lscript.ld -L../../ucos_dma_bsp/ps7_cortexa9_0/lib -o "ucos_dma.elf"  ./src/port/guest_os_fctns.o ./src/port/guest_os_start.o ./src/port/guest_os_start_pre.o ./src/port/performance.o ./src/port/syscall.o ./src/port/syscall_list.o  ./src/app.o   -Wl,--start-group,-lucos,-lgcc,-lc,--end-group -Wl,--start-group,-lxil,-lucos,-lgcc,-lc,--end-group
'Finished building target: ucos_dma.elf'
' '
'Invoking: ARM Print Size'
arm-xilinx-eabi-size ucos_dma.elf  |tee "ucos_dma.elf.size"
   text	   data	    bss	    dec	    hex	filename
  40600	   1120	  42580	  84300	  1494c	ucos_dma.elf
'Finished building: ucos_dma.elf.size'
' '

09:43:53 Build Finished (took 1s.165ms)

